Archive member included to satisfy reference by file (symbol)

/opt/devkitpro/libctru/lib/libctru.a(console.o)
                              main.o (consoleInit)
/opt/devkitpro/libctru/lib/libctru.a(gfx.o)
                              /opt/devkitpro/libctru/lib/libctru.a(console.o) (gfxSetScreenFormat)
/opt/devkitpro/libctru/lib/libctru.a(gx.o)
                              /opt/devkitpro/libctru/lib/libctru.a(gfx.o) (gxCmdBuf)
/opt/devkitpro/libctru/lib/libctru.a(gspgpu.o)
                              /opt/devkitpro/libctru/lib/libctru.a(gfx.o) (gspInit)
/opt/devkitpro/libctru/lib/libctru.a(apt.o)
                              main.o (aptMainLoop)
/opt/devkitpro/libctru/lib/libctru.a(hid.o)
                              main.o (hidScanInput)
/opt/devkitpro/libctru/lib/libctru.a(initSystem.o)
                              /opt/devkitpro/libctru/lib/libctru.a(apt.o) (__system_retAddr)
/opt/devkitpro/libctru/lib/libctru.a(syscalls.o)
                              /opt/devkitpro/libctru/lib/libctru.a(initSystem.o) (__system_initSyscalls)
/opt/devkitpro/libctru/lib/libctru.a(allocateHeaps.o)
                              /opt/devkitpro/libctru/lib/libctru.a(initSystem.o) (__system_allocateHeaps)
/opt/devkitpro/libctru/lib/libctru.a(initArgv.o)
                              /opt/devkitpro/libctru/lib/libctru.a(initSystem.o) (__system_initArgv)
/opt/devkitpro/libctru/lib/libctru.a(svc.o)
                              /opt/devkitpro/libctru/lib/libctru.a(allocateHeaps.o) (svcControlMemory)
/opt/devkitpro/libctru/lib/libctru.a(stack_adjust.o)
                              /opt/devkitpro/devkitARM/lib/gcc/arm-none-eabi/8.3.0/../../../../arm-none-eabi/lib/armv6k/fpu/3dsx_crt0.o (initSystem)
/opt/devkitpro/libctru/lib/libctru.a(default_font.bin.o)
                              /opt/devkitpro/libctru/lib/libctru.a(console.o) (default_font_bin)
/opt/devkitpro/libctru/lib/libctru.a(vram.o)
                              /opt/devkitpro/libctru/lib/libctru.a(gfx.o) (vramAlloc)
/opt/devkitpro/libctru/lib/libctru.a(mappable.o)
                              /opt/devkitpro/libctru/lib/libctru.a(gfx.o) (mappableAlloc)
/opt/devkitpro/libctru/lib/libctru.a(linear.o)
                              /opt/devkitpro/libctru/lib/libctru.a(gfx.o) (linearAlloc)
/opt/devkitpro/libctru/lib/libctru.a(mem_pool.o)
                              /opt/devkitpro/libctru/lib/libctru.a(vram.o) (MemPool::Allocate(MemChunk&, unsigned long, int))
/opt/devkitpro/libctru/lib/libctru.a(synchronization.o)
                              /opt/devkitpro/libctru/lib/libctru.a(initSystem.o) (__sync_init)
/opt/devkitpro/libctru/lib/libctru.a(os.o)
                              /opt/devkitpro/libctru/lib/libctru.a(allocateHeaps.o) (osGetMemRegionUsed)
/opt/devkitpro/libctru/lib/libctru.a(srv.o)
                              /opt/devkitpro/libctru/lib/libctru.a(apt.o) (srvInit)
/opt/devkitpro/libctru/lib/libctru.a(thread.o)
                              /opt/devkitpro/libctru/lib/libctru.a(gspgpu.o) (threadCreate)
/opt/devkitpro/libctru/lib/libctru.a(irrst.o)
                              /opt/devkitpro/libctru/lib/libctru.a(hid.o) (irrstScanInput)
/opt/devkitpro/libctru/lib/libctru.a(srvpm.o)
                              /opt/devkitpro/libctru/lib/libctru.a(srv.o) (srvPmGetSessionHandle)
/opt/devkitpro/libctru/lib/libctru.a(ptmsysm.o)
                              /opt/devkitpro/libctru/lib/libctru.a(os.o) (ptmSysmInit)
/opt/devkitpro/libctru/lib/libctru.a(rbtree_init.o)
                              /opt/devkitpro/libctru/lib/libctru.a(vram.o) (rbtree_init)
/opt/devkitpro/libctru/lib/libctru.a(rbtree_insert.o)
                              /opt/devkitpro/libctru/lib/libctru.a(vram.o) (rbtree_insert)
/opt/devkitpro/libctru/lib/libctru.a(rbtree_rotate.o)
                              /opt/devkitpro/libctru/lib/libctru.a(rbtree_insert.o) (rbtree_rotate)
/opt/devkitpro/libctru/lib/libctru.a(rbtree_remove.o)
                              /opt/devkitpro/libctru/lib/libctru.a(vram.o) (rbtree_remove)
/opt/devkitpro/libctru/lib/libctru.a(rbtree_find.o)
                              /opt/devkitpro/libctru/lib/libctru.a(vram.o) (rbtree_find)
/opt/devkitpro/libctru/lib/libctru.a(appInit.o)
                              /opt/devkitpro/libctru/lib/libctru.a(stack_adjust.o) (__appInit)
/opt/devkitpro/libctru/lib/libctru.a(appExit.o)
                              /opt/devkitpro/libctru/lib/libctru.a(stack_adjust.o) (__appExit)
/opt/devkitpro/libctru/lib/libctru.a(ctru_exit.o)
                              /opt/devkitpro/libctru/lib/libctru.a(stack_adjust.o) (__libctru_exit)
/opt/devkitpro/libctru/lib/libctru.a(env.o)
                              /opt/devkitpro/libctru/lib/libctru.a(srv.o) (envGetHandle)
/opt/devkitpro/libctru/lib/libctru.a(sdmc_dev.o)
                              /opt/devkitpro/libctru/lib/libctru.a(appInit.o) (sdmcInit)
/opt/devkitpro/libctru/lib/libctru.a(fs.o)
                              /opt/devkitpro/libctru/lib/libctru.a(appInit.o) (fsInit)
[...]
Memory Configuration

Name             Origin             Length             Attributes
*default*        0x0000000000000000 0xffffffffffffffff

Linker script and memory map

                0x0000000000100000                PROVIDE (__start__ = 0x100000)
                0x0000000000100000                . = __start__

.text           0x0000000000100000    0x1c4b4
 *(.crt0)
 .crt0          0x0000000000100000       0x94 /opt/devkitpro/devkitARM/lib/gcc/arm-none-eabi/8.3.0/../../../../arm-none-eabi/lib/armv6k/fpu/3dsx_crt0.o
                0x0000000000100000                _start
                0x0000000000100008                __service_ptr
                0x000000000010000c                __apt_appid
                0x0000000000100010                __heap_size
                0x0000000000100014                __linear_heap_size
                0x0000000000100018                __system_arglist
                0x000000000010001c                __system_runflags
 *(.init)
 .init          0x0000000000100094        0xc /opt/devkitpro/devkitARM/lib/gcc/arm-none-eabi/8.3.0/armv6k/fpu/crti.o
                0x0000000000100094                _init
 .init          0x00000000001000a0        0xc /opt/devkitpro/devkitARM/lib/gcc/arm-none-eabi/8.3.0/armv6k/fpu/crtn.o
                0x00000000001000ac                . = ALIGN (0x4)
 *(.text)
 .text          0x00000000001000ac       0x64 /opt/devkitpro/libctru/lib/libctru.a(stack_adjust.o)
                0x00000000001000ac                initSystem
                0x00000000001000f0                __ctru_exit
 .text          0x0000000000100110      0x240 /opt/devkitpro/devkitARM/lib/gcc/arm-none-eabi/8.3.0/armv6k/fpu/libgcc.a(_divsi3.o)
                0x0000000000100110                __aeabi_idiv
                0x0000000000100110                __divsi3
                0x0000000000100330                __aeabi_idivmod
 .text          0x0000000000100350        0x4 /opt/devkitpro/devkitARM/lib/gcc/arm-none-eabi/8.3.0/armv6k/fpu/libgcc.a(_dvmd_tls.o)
                0x0000000000100350                __aeabi_ldiv0
                0x0000000000100350                __aeabi_idiv0
 .text          0x0000000000100354       0x3c /opt/devkitpro/devkitARM/lib/gcc/arm-none-eabi/8.3.0/armv6k/fpu/libgcc.a(_aeabi_uldivmod.o)
                0x0000000000100354                __aeabi_uldivmod
 *fill*         0x0000000000100390       0x10 
 .text          0x00000000001003a0      0x390 /opt/devkitpro/devkitARM/lib/gcc/arm-none-eabi/8.3.0/../../../../arm-none-eabi/lib/armv6k/fpu/libg.a(lib_a-strcmp.o)
                0x00000000001003a8                strcmp
 .text          0x0000000000100730      0x20c /opt/devkitpro/devkitARM/lib/gcc/arm-none-eabi/8.3.0/armv6k/fpu/libgcc.a(_udivsi3.o)
                0x0000000000100730                __udivsi3
                0x0000000000100730                __aeabi_uidiv
                0x000000000010091c                __aeabi_uidivmod
 .text          0x000000000010093c      0x3c0 /opt/devkitpro/devkitARM/lib/gcc/arm-none-eabi/8.3.0/armv6k/fpu/libgcc.a(_arm_addsubdf3.o)
                0x000000000010093c                __aeabi_drsub
                0x0000000000100944                __aeabi_dsub
                0x0000000000100944                __subdf3
                0x0000000000100948                __adddf3
                0x0000000000100948                __aeabi_dadd
                0x0000000000100bf4                __aeabi_ui2d
                0x0000000000100bf4                __floatunsidf
                0x0000000000100c18                __floatsidf
                0x0000000000100c18                __aeabi_i2d
                0x0000000000100c40                __extendsfdf2
                0x0000000000100c40                __aeabi_f2d
                0x0000000000100c88                __aeabi_ul2d
                0x0000000000100c88                __floatundidf
                0x0000000000100c9c                __floatdidf
                0x0000000000100c9c                __aeabi_l2d
 *(.text.*)
 .text.deregister_tm_clones
                0x0000000000100cfc       0x2c /opt/devkitpro/devkitARM/lib/gcc/arm-none-eabi/8.3.0/armv6k/fpu/crtbegin.o
 .text.register_tm_clones
                0x0000000000100d28       0x38 /opt/devkitpro/devkitARM/lib/gcc/arm-none-eabi/8.3.0/armv6k/fpu/crtbegin.o
 .text.__do_global_dtors_aux
                0x0000000000100d60       0x44 /opt/devkitpro/devkitARM/lib/gcc/arm-none-eabi/8.3.0/armv6k/fpu/crtbegin.o
 .text.frame_dummy
                0x0000000000100da4       0x34 /opt/devkitpro/devkitARM/lib/gcc/arm-none-eabi/8.3.0/armv6k/fpu/crtbegin.o
 .text.startup.main
                0x0000000000100dd8      0x328 main.o
                0x0000000000100dd8                main
 .text.consoleDrawChar
                0x0000000000101100      0x1b8 /opt/devkitpro/libctru/lib/libctru.a(console.o)
                0x0000000000101100                consoleDrawChar
 .text.consolePrintChar
                0x00000000001012b8      0x124 /opt/devkitpro/libctru/lib/libctru.a(console.o)
                0x00000000001012b8                consolePrintChar
 .text.consoleCls
                0x00000000001013dc      0x164 /opt/devkitpro/libctru/lib/libctru.a(console.o)
 .text.consoleInit
                0x0000000000101540      0x104 /opt/devkitpro/libctru/lib/libctru.a(console.o)
                0x0000000000101540                consoleInit
 .text.consoleClearLine
                0x0000000000101644      0x114 /opt/devkitpro/libctru/lib/libctru.a(console.o)
 .text.newRow   0x0000000000101758       0xc4 /opt/devkitpro/libctru/lib/libctru.a(console.o)
 .text.con_write
                0x000000000010181c      0x7b8 /opt/devkitpro/libctru/lib/libctru.a(console.o)
                0x000000000010181c                con_write
 .text.gfxSetFramebufferInfo.part.0
                0x0000000000101fd4       0x8c /opt/devkitpro/libctru/lib/libctru.a(gfx.o)
 .text.gfxSetFramebufferInfo
                0x0000000000102060       0x6c /opt/devkitpro/libctru/lib/libctru.a(gfx.o)
 .text.gfxGetFramebuffer.part.1
                0x00000000001020cc       0x58 /opt/devkitpro/libctru/lib/libctru.a(gfx.o)
 .text.__get_bytes_per_pixel
                0x0000000000102124       0x18 /opt/devkitpro/libctru/lib/libctru.a(gfx.o)
                0x0000000000102124                __get_bytes_per_pixel
 .text.gfxSetScreenFormat
                0x000000000010213c      0x184 /opt/devkitpro/libctru/lib/libctru.a(gfx.o)
                0x000000000010213c                gfxSetScreenFormat
 .text.gfxSetDoubleBuffering
                0x00000000001022c0       0x10 /opt/devkitpro/libctru/lib/libctru.a(gfx.o)
                0x00000000001022c0                gfxSetDoubleBuffering
 .text.gfxInit  0x00000000001022d0      0x210 /opt/devkitpro/libctru/lib/libctru.a(gfx.o)
                0x00000000001022d0                gfxInit
 .text.gfxInitDefault
                0x00000000001024e0       0x10 /opt/devkitpro/libctru/lib/libctru.a(gfx.o)
                0x00000000001024e0                gfxInitDefault
 .text.gfxExit  0x00000000001024f0       0xe0 /opt/devkitpro/libctru/lib/libctru.a(gfx.o)
                0x00000000001024f0                gfxExit
 .text.gfxGetFramebuffer
                0x00000000001025d0       0x60 /opt/devkitpro/libctru/lib/libctru.a(gfx.o)
                0x00000000001025d0                gfxGetFramebuffer
 .text.gfxFlushBuffers
                0x0000000000102630       0xcc /opt/devkitpro/libctru/lib/libctru.a(gfx.o)
                0x0000000000102630                gfxFlushBuffers
 .text.gfxConfigScreen
                0x00000000001026fc       0xf8 /opt/devkitpro/libctru/lib/libctru.a(gfx.o)
                0x00000000001026fc                gfxConfigScreen
 .text.gfxSwapBuffers
                0x00000000001027f4       0x20 /opt/devkitpro/libctru/lib/libctru.a(gfx.o)
                0x00000000001027f4                gfxSwapBuffers
 .text.gfxSwapBuffersGpu
                0x0000000000102814       0x20 /opt/devkitpro/libctru/lib/libctru.a(gfx.o)
                0x0000000000102814                gfxSwapBuffersGpu
 .text.gspInit  0x0000000000102834       0x74 /opt/devkitpro/libctru/lib/libctru.a(gspgpu.o)
                0x0000000000102834                gspInit
 .text.gspExit  0x00000000001028a8       0x3c /opt/devkitpro/libctru/lib/libctru.a(gspgpu.o)
                0x00000000001028a8                gspExit
 .text.gspInitEventHandler
                0x00000000001028e4       0xa0 /opt/devkitpro/libctru/lib/libctru.a(gspgpu.o)
                0x00000000001028e4                gspInitEventHandler
 .text.gspExitEventHandler
                0x0000000000102984       0x40 /opt/devkitpro/libctru/lib/libctru.a(gspgpu.o)
                0x0000000000102984                gspExitEventHandler
 .text.gspWaitForEvent
                0x00000000001029c4       0x44 /opt/devkitpro/libctru/lib/libctru.a(gspgpu.o)
                0x00000000001029c4                gspWaitForEvent
 .text.gxCmdQueueInterrupt
                0x0000000000102a08        0x4 /opt/devkitpro/libctru/lib/libctru.a(gspgpu.o)
                0x0000000000102a08                gxCmdQueueInterrupt
 .text.gspEventThreadMain
                0x0000000000102a0c      0x178 /opt/devkitpro/libctru/lib/libctru.a(gspgpu.o)
 .text.GSPGPU_SetBufferSwap
                0x0000000000102b84       0x6c /opt/devkitpro/libctru/lib/libctru.a(gspgpu.o)
                0x0000000000102b84                GSPGPU_SetBufferSwap
 .text.GSPGPU_FlushDataCache
                0x0000000000102bf0       0x4c /opt/devkitpro/libctru/lib/libctru.a(gspgpu.o)
                0x0000000000102bf0                GSPGPU_FlushDataCache
 .text.GSPGPU_SetLcdForceBlack
                0x0000000000102c3c       0x34 /opt/devkitpro/libctru/lib/libctru.a(gspgpu.o)
                0x0000000000102c3c                GSPGPU_SetLcdForceBlack
 .text.GSPGPU_RegisterInterruptRelayQueue
                0x0000000000102c70       0x64 /opt/devkitpro/libctru/lib/libctru.a(gspgpu.o)
                0x0000000000102c70                GSPGPU_RegisterInterruptRelayQueue
 .text.GSPGPU_UnregisterInterruptRelayQueue
                0x0000000000102cd4       0x2c /opt/devkitpro/libctru/lib/libctru.a(gspgpu.o)
                0x0000000000102cd4                GSPGPU_UnregisterInterruptRelayQueue
 .text.GSPGPU_AcquireRight
                0x0000000000102d00       0x48 /opt/devkitpro/libctru/lib/libctru.a(gspgpu.o)
                0x0000000000102d00                GSPGPU_AcquireRight
 .text.GSPGPU_ReleaseRight
                0x0000000000102d48       0x2c /opt/devkitpro/libctru/lib/libctru.a(gspgpu.o)
                0x0000000000102d48                GSPGPU_ReleaseRight
 .text.GSPGPU_ImportDisplayCaptureInfo
                0x0000000000102d74       0x80 /opt/devkitpro/libctru/lib/libctru.a(gspgpu.o)
                0x0000000000102d74                GSPGPU_ImportDisplayCaptureInfo
 .text.GSPGPU_SaveVramSysArea
                0x0000000000102df4       0x2c /opt/devkitpro/libctru/lib/libctru.a(gspgpu.o)
                0x0000000000102df4                GSPGPU_SaveVramSysArea
 .text.GSPGPU_RestoreVramSysArea
                0x0000000000102e20       0x2c /opt/devkitpro/libctru/lib/libctru.a(gspgpu.o)
                0x0000000000102e20                GSPGPU_RestoreVramSysArea
 .text._aptDebug
                0x0000000000102e4c        0x4 /opt/devkitpro/libctru/lib/libctru.a(apt.o)
                0x0000000000102e4c                _aptDebug
 .text.aptSendCommand
                0x0000000000102e50      0x170 /opt/devkitpro/libctru/lib/libctru.a(apt.o)
                0x0000000000102e50                aptSendCommand
 .text.aptExitProcess
                0x0000000000102fc0       0x3c /opt/devkitpro/libctru/lib/libctru.a(apt.o)
 .text.APT_InquireNotification
                0x0000000000102ffc       0x4c /opt/devkitpro/libctru/lib/libctru.a(apt.o)
                0x0000000000102ffc                APT_InquireNotification
 .text.aptEventHandler
                0x0000000000103048      0x198 /opt/devkitpro/libctru/lib/libctru.a(apt.o)
 .text.APT_AppletUtility
                0x00000000001031e0       0x74 /opt/devkitpro/libctru/lib/libctru.a(apt.o)
                0x00000000001031e0                APT_AppletUtility
 .text.aptSetSleepAllowed
                0x0000000000103254       0xb0 /opt/devkitpro/libctru/lib/libctru.a(apt.o)
                0x0000000000103254                aptSetSleepAllowed
 .text.APT_GlanceParameter
                0x0000000000103304       0xb0 /opt/devkitpro/libctru/lib/libctru.a(apt.o)
                0x0000000000103304                APT_GlanceParameter
 .text.APT_ReceiveParameter
                0x00000000001033b4       0xc4 /opt/devkitpro/libctru/lib/libctru.a(apt.o)
                0x00000000001033b4                APT_ReceiveParameter
 .text.aptReceiveParameter.constprop.0
                0x0000000000103478       0xbc /opt/devkitpro/libctru/lib/libctru.a(apt.o)
 *fill*         0x0000000000103534        0x4 
 .text.aptScreenTransfer
                0x0000000000103538      0x1e0 /opt/devkitpro/libctru/lib/libctru.a(apt.o)
 .text.aptWaitForWakeUp
                0x0000000000103718      0x210 /opt/devkitpro/libctru/lib/libctru.a(apt.o)
 .text.APT_CancelParameter
                0x0000000000103928       0x70 /opt/devkitpro/libctru/lib/libctru.a(apt.o)
                0x0000000000103928                APT_CancelParameter
 .text.aptInit  0x0000000000103998      0x25c /opt/devkitpro/libctru/lib/libctru.a(apt.o)
                0x0000000000103998                aptInit
 .text.aptClearParamQueue
                0x0000000000103bf4       0x88 /opt/devkitpro/libctru/lib/libctru.a(apt.o)
 .text.aptMainLoop
                0x0000000000103c7c      0x208 /opt/devkitpro/libctru/lib/libctru.a(apt.o)
                0x0000000000103c7c                aptMainLoop
 *fill*         0x0000000000103e84        0x4 
 .text.aptExit  0x0000000000103e88      0x23c /opt/devkitpro/libctru/lib/libctru.a(apt.o)
                0x0000000000103e88                aptExit
 .text.APT_CheckNew3DS
                0x00000000001040c4       0x7c /opt/devkitpro/libctru/lib/libctru.a(apt.o)
                0x00000000001040c4                APT_CheckNew3DS
 .text.hidCheckSectionUpdateTime.part.0
                0x0000000000104140       0x28 /opt/devkitpro/libctru/lib/libctru.a(hid.o)
 .text.hidExit  0x0000000000104168       0xd0 /opt/devkitpro/libctru/lib/libctru.a(hid.o)
                0x0000000000104168                hidExit
 .text.hidScanInput
                0x0000000000104238      0x210 /opt/devkitpro/libctru/lib/libctru.a(hid.o)
                0x0000000000104238                hidScanInput
 .text.hidKeysDown
                0x0000000000104448       0x10 /opt/devkitpro/libctru/lib/libctru.a(hid.o)
                0x0000000000104448                hidKeysDown
 .text.HIDUSER_GetHandles
                0x0000000000104458       0x90 /opt/devkitpro/libctru/lib/libctru.a(hid.o)
                0x0000000000104458                HIDUSER_GetHandles
 .text.hidInit  0x00000000001044e8      0x1a4 /opt/devkitpro/libctru/lib/libctru.a(hid.o)
                0x00000000001044e8                hidInit
 .text.__libctru_init
                0x000000000010468c       0x38 /opt/devkitpro/libctru/lib/libctru.a(initSystem.o)
                0x000000000010468c                __libctru_init
 .text.__libctru_nanosleep
                0x00000000001046c4       0x38 /opt/devkitpro/libctru/lib/libctru.a(syscalls.o)
 .text.__ctru_get_reent
                0x00000000001046fc       0x30 /opt/devkitpro/libctru/lib/libctru.a(syscalls.o)
 .text.__system_initSyscalls
                0x000000000010472c       0xfc /opt/devkitpro/libctru/lib/libctru.a(syscalls.o)
                0x000000000010472c                __system_initSyscalls
 .text.__system_allocateHeaps
                0x0000000000104828      0x104 /opt/devkitpro/libctru/lib/libctru.a(allocateHeaps.o)
                0x0000000000104828                __system_allocateHeaps
 .text.__system_initArgv
                0x000000000010492c       0xf0 /opt/devkitpro/libctru/lib/libctru.a(initArgv.o)
                0x000000000010492c                __system_initArgv
 .text.svcControlMemory
                0x0000000000104a1c       0x20 /opt/devkitpro/libctru/lib/libctru.a(svc.o)
                0x0000000000104a1c                svcControlMemory
 .text.svcExitProcess
                0x0000000000104a3c        0x8 /opt/devkitpro/libctru/lib/libctru.a(svc.o)
                0x0000000000104a3c                svcExitProcess
 .text.svcCreateThread
                0x0000000000104a44       0x20 /opt/devkitpro/libctru/lib/libctru.a(svc.o)
                0x0000000000104a44                svcCreateThread
 .text.svcExitThread
                0x0000000000104a64        0x8 /opt/devkitpro/libctru/lib/libctru.a(svc.o)
                0x0000000000104a64                svcExitThread
 .text.svcSleepThread
                0x0000000000104a6c        0x8 /opt/devkitpro/libctru/lib/libctru.a(svc.o)
                0x0000000000104a6c                svcSleepThread
 .text.svcReleaseMutex
                0x0000000000104a74        0x8 /opt/devkitpro/libctru/lib/libctru.a(svc.o)
                0x0000000000104a74                svcReleaseMutex
 .text.svcCreateEvent
                0x0000000000104a7c       0x14 /opt/devkitpro/libctru/lib/libctru.a(svc.o)
                0x0000000000104a7c                svcCreateEvent
 .text.svcSignalEvent
                0x0000000000104a90        0x8 /opt/devkitpro/libctru/lib/libctru.a(svc.o)
                0x0000000000104a90                svcSignalEvent
 .text.svcClearEvent
                0x0000000000104a98        0x8 /opt/devkitpro/libctru/lib/libctru.a(svc.o)
                0x0000000000104a98                svcClearEvent
 .text.svcMapMemoryBlock
                0x0000000000104aa0        0x8 /opt/devkitpro/libctru/lib/libctru.a(svc.o)
                0x0000000000104aa0                svcMapMemoryBlock
 .text.svcUnmapMemoryBlock
                0x0000000000104aa8        0x8 /opt/devkitpro/libctru/lib/libctru.a(svc.o)
                0x0000000000104aa8                svcUnmapMemoryBlock
 .text.svcCreateAddressArbiter
                0x0000000000104ab0       0x14 /opt/devkitpro/libctru/lib/libctru.a(svc.o)
                0x0000000000104ab0                svcCreateAddressArbiter
 .text.svcArbitrateAddress
                0x0000000000104ac4       0x18 /opt/devkitpro/libctru/lib/libctru.a(svc.o)
                0x0000000000104ac4                svcArbitrateAddress
 .text.svcCloseHandle
                0x0000000000104adc        0x8 /opt/devkitpro/libctru/lib/libctru.a(svc.o)
                0x0000000000104adc                svcCloseHandle
 .text.svcWaitSynchronization
                0x0000000000104ae4        0x8 /opt/devkitpro/libctru/lib/libctru.a(svc.o)
                0x0000000000104ae4                svcWaitSynchronization
 .text.svcWaitSynchronizationN
                0x0000000000104aec       0x28 /opt/devkitpro/libctru/lib/libctru.a(svc.o)
                0x0000000000104aec                svcWaitSynchronizationN
 .text.svcDuplicateHandle
                0x0000000000104b14       0x14 /opt/devkitpro/libctru/lib/libctru.a(svc.o)
                0x0000000000104b14                svcDuplicateHandle
 .text.svcGetSystemTick
                0x0000000000104b28        0x8 /opt/devkitpro/libctru/lib/libctru.a(svc.o)
                0x0000000000104b28                svcGetSystemTick
 .text.svcGetSystemInfo
                0x0000000000104b30       0x18 /opt/devkitpro/libctru/lib/libctru.a(svc.o)
                0x0000000000104b30                svcGetSystemInfo
 .text.svcConnectToPort
                0x0000000000104b48       0x14 /opt/devkitpro/libctru/lib/libctru.a(svc.o)
                0x0000000000104b48                svcConnectToPort
 .text.svcSendSyncRequest
                0x0000000000104b5c        0x8 /opt/devkitpro/libctru/lib/libctru.a(svc.o)
                0x0000000000104b5c                svcSendSyncRequest
 .text.svcBreak
                0x0000000000104b64        0x8 /opt/devkitpro/libctru/lib/libctru.a(svc.o)
                0x0000000000104b64                svcBreak
 .text._ZL21addrMapNodeComparatorPK11rbtree_nodeS1_
                0x0000000000104b6c       0x24 /opt/devkitpro/libctru/lib/libctru.a(vram.o)
 .text._ZL21addrMapNodeDestructorP11rbtree_node
                0x0000000000104b90        0x4 /opt/devkitpro/libctru/lib/libctru.a(vram.o)
 .text.vramMemAlign
                0x0000000000104b94      0x110 /opt/devkitpro/libctru/lib/libctru.a(vram.o)
                0x0000000000104b94                vramMemAlign
 .text.vramAlloc
                0x0000000000104ca4        0x8 /opt/devkitpro/libctru/lib/libctru.a(vram.o)
                0x0000000000104ca4                vramAlloc
 .text.vramFree
                0x0000000000104cac       0x50 /opt/devkitpro/libctru/lib/libctru.a(vram.o)
                0x0000000000104cac                vramFree
 .text._ZL21addrMapNodeComparatorPK11rbtree_nodeS1_
                0x0000000000104cfc       0x24 /opt/devkitpro/libctru/lib/libctru.a(mappable.o)
 .text._ZL21addrMapNodeDestructorP11rbtree_node
                0x0000000000104d20        0x4 /opt/devkitpro/libctru/lib/libctru.a(mappable.o)
 .text.mappableAlloc
                0x0000000000104d24       0xe4 /opt/devkitpro/libctru/lib/libctru.a(mappable.o)
                0x0000000000104d24                mappableAlloc
 .text.mappableFree
                0x0000000000104e08       0x50 /opt/devkitpro/libctru/lib/libctru.a(mappable.o)
                0x0000000000104e08                mappableFree
 .text._ZL21addrMapNodeComparatorPK11rbtree_nodeS1_
                0x0000000000104e58       0x24 /opt/devkitpro/libctru/lib/libctru.a(linear.o)
 .text._ZL21addrMapNodeDestructorP11rbtree_node
                0x0000000000104e7c        0x4 /opt/devkitpro/libctru/lib/libctru.a(linear.o)
 .text.linearMemAlign
                0x0000000000104e80      0x11c /opt/devkitpro/libctru/lib/libctru.a(linear.o)
                0x0000000000104e80                linearMemAlign
 .text.linearAlloc
                0x0000000000104f9c        0x8 /opt/devkitpro/libctru/lib/libctru.a(linear.o)
                0x0000000000104f9c                linearAlloc
 .text.linearFree
                0x0000000000104fa4       0x50 /opt/devkitpro/libctru/lib/libctru.a(linear.o)
                0x0000000000104fa4                linearFree
 .text._ZN7MemPool13CoalesceRightEP8MemBlock
                0x0000000000104ff4       0x90 /opt/devkitpro/libctru/lib/libctru.a(mem_pool.o)
                0x0000000000104ff4                MemPool::CoalesceRight(MemBlock*)
 .text._ZN7MemPool8AllocateER8MemChunkmi
                0x0000000000105084      0x174 /opt/devkitpro/libctru/lib/libctru.a(mem_pool.o)
                0x0000000000105084                MemPool::Allocate(MemChunk&, unsigned long, int)
 .text._ZN7MemPool10DeallocateERK8MemChunk
                0x00000000001051f8       0xfc /opt/devkitpro/libctru/lib/libctru.a(mem_pool.o)
                0x00000000001051f8                MemPool::Deallocate(MemChunk const&)
 .text.LightLock_Unlock.part.1
                0x00000000001052f4       0x38 /opt/devkitpro/libctru/lib/libctru.a(synchronization.o)
 .text.__sync_init
                0x000000000010532c        0xc /opt/devkitpro/libctru/lib/libctru.a(synchronization.o)
                0x000000000010532c                __sync_init
 .text.__sync_fini
                0x0000000000105338       0x18 /opt/devkitpro/libctru/lib/libctru.a(synchronization.o)
                0x0000000000105338                __sync_fini
 .text.__sync_get_arbiter
                0x0000000000105350       0x10 /opt/devkitpro/libctru/lib/libctru.a(synchronization.o)
                0x0000000000105350                __sync_get_arbiter
 .text.LightLock_Init
                0x0000000000105360       0x18 /opt/devkitpro/libctru/lib/libctru.a(synchronization.o)
                0x0000000000105360                LightLock_Init
 .text.LightLock_Lock
                0x0000000000105378       0x9c /opt/devkitpro/libctru/lib/libctru.a(synchronization.o)
                0x0000000000105378                LightLock_Lock
 .text.LightLock_TryLock
                0x0000000000105414       0x34 /opt/devkitpro/libctru/lib/libctru.a(synchronization.o)
                0x0000000000105414                LightLock_TryLock
 .text.LightLock_Unlock
                0x0000000000105448       0x20 /opt/devkitpro/libctru/lib/libctru.a(synchronization.o)
                0x0000000000105448                LightLock_Unlock
 .text.RecursiveLock_Init
                0x0000000000105468       0x24 /opt/devkitpro/libctru/lib/libctru.a(synchronization.o)
                0x0000000000105468                RecursiveLock_Init
 .text.RecursiveLock_Lock
                0x000000000010548c       0x30 /opt/devkitpro/libctru/lib/libctru.a(synchronization.o)
                0x000000000010548c                RecursiveLock_Lock
 .text.RecursiveLock_TryLock
                0x00000000001054bc       0x58 /opt/devkitpro/libctru/lib/libctru.a(synchronization.o)
                0x00000000001054bc                RecursiveLock_TryLock
 .text.RecursiveLock_Unlock
                0x0000000000105514       0x38 /opt/devkitpro/libctru/lib/libctru.a(synchronization.o)
                0x0000000000105514                RecursiveLock_Unlock
 .text.LightEvent_Init
                0x000000000010554c       0x38 /opt/devkitpro/libctru/lib/libctru.a(synchronization.o)
                0x000000000010554c                LightEvent_Init
 .text.LightEvent_Clear
                0x0000000000105584       0x7c /opt/devkitpro/libctru/lib/libctru.a(synchronization.o)
                0x0000000000105584                LightEvent_Clear
 .text.LightEvent_Signal
                0x0000000000105600       0xdc /opt/devkitpro/libctru/lib/libctru.a(synchronization.o)
                0x0000000000105600                LightEvent_Signal
 .text.LightEvent_Wait
                0x00000000001056dc       0xc0 /opt/devkitpro/libctru/lib/libctru.a(synchronization.o)
                0x00000000001056dc                LightEvent_Wait
 .text.getSysTime
                0x000000000010579c       0x58 /opt/devkitpro/libctru/lib/libctru.a(os.o)
 .text.__ctru_speedup_config.part.0
                0x00000000001057f4       0x28 /opt/devkitpro/libctru/lib/libctru.a(os.o)
 .text.osGetMemRegionUsed
                0x000000000010581c       0x24 /opt/devkitpro/libctru/lib/libctru.a(os.o)
                0x000000000010581c                osGetMemRegionUsed
 .text.__libctru_gtod
                0x0000000000105840      0x128 /opt/devkitpro/libctru/lib/libctru.a(os.o)
                0x0000000000105840                __libctru_gtod
 .text.__ctru_speedup_config
                0x0000000000105968       0x18 /opt/devkitpro/libctru/lib/libctru.a(os.o)
                0x0000000000105968                __ctru_speedup_config
 .text.srvExit  0x0000000000105980       0x58 /opt/devkitpro/libctru/lib/libctru.a(srv.o)
                0x0000000000105980                srvExit
 .text.srvRegisterClient
                0x00000000001059d8       0x38 /opt/devkitpro/libctru/lib/libctru.a(srv.o)
                0x00000000001059d8                srvRegisterClient
 .text.srvInit  0x0000000000105a10       0xc8 /opt/devkitpro/libctru/lib/libctru.a(srv.o)
                0x0000000000105a10                srvInit
 .text.srvGetServiceHandleDirect
                0x0000000000105ad8       0x80 /opt/devkitpro/libctru/lib/libctru.a(srv.o)
                0x0000000000105ad8                srvGetServiceHandleDirect
 .text.srvGetServiceHandle
                0x0000000000105b58       0x38 /opt/devkitpro/libctru/lib/libctru.a(srv.o)
                0x0000000000105b58                srvGetServiceHandle
 .text.threadFree.part.0
                0x0000000000105b90       0x1c /opt/devkitpro/libctru/lib/libctru.a(thread.o)
 .text.threadCreate
                0x0000000000105bac      0x194 /opt/devkitpro/libctru/lib/libctru.a(thread.o)
                0x0000000000105bac                threadCreate
 .text.threadJoin
                0x0000000000105d40       0x24 /opt/devkitpro/libctru/lib/libctru.a(thread.o)
                0x0000000000105d40                threadJoin
 .text.threadExit
                0x0000000000105d64       0x68 /opt/devkitpro/libctru/lib/libctru.a(thread.o)
                0x0000000000105d64                threadExit
 .text._thread_begin
                0x0000000000105dcc       0x48 /opt/devkitpro/libctru/lib/libctru.a(thread.o)
 .text.irrstScanInput
                0x0000000000105e14       0xac /opt/devkitpro/libctru/lib/libctru.a(irrst.o)
                0x0000000000105e14                irrstScanInput
 .text.irrstKeysHeld
                0x0000000000105ec0       0x24 /opt/devkitpro/libctru/lib/libctru.a(irrst.o)
                0x0000000000105ec0                irrstKeysHeld
 .text.IRRST_GetHandles
                0x0000000000105ee4       0x50 /opt/devkitpro/libctru/lib/libctru.a(irrst.o)
                0x0000000000105ee4                IRRST_GetHandles
 .text.irrstInit
                0x0000000000105f34      0x154 /opt/devkitpro/libctru/lib/libctru.a(irrst.o)
                0x0000000000105f34                irrstInit
 .text.IRRST_Shutdown
                0x0000000000106088       0x2c /opt/devkitpro/libctru/lib/libctru.a(irrst.o)
                0x0000000000106088                IRRST_Shutdown
 .text.irrstExit
                0x00000000001060b4       0xac /opt/devkitpro/libctru/lib/libctru.a(irrst.o)
                0x00000000001060b4                irrstExit
 .text.srvPmGetSessionHandle
                0x0000000000106160        0xc /opt/devkitpro/libctru/lib/libctru.a(srvpm.o)
                0x0000000000106160                srvPmGetSessionHandle
 .text.ptmSysmInit
                0x000000000010616c       0x74 /opt/devkitpro/libctru/lib/libctru.a(ptmsysm.o)
                0x000000000010616c                ptmSysmInit
 .text.ptmSysmExit
                0x00000000001061e0       0x3c /opt/devkitpro/libctru/lib/libctru.a(ptmsysm.o)
                0x00000000001061e0                ptmSysmExit
 .text.PTMSYSM_ConfigureNew3DSCPU
                0x000000000010621c       0x34 /opt/devkitpro/libctru/lib/libctru.a(ptmsysm.o)
                0x000000000010621c                PTMSYSM_ConfigureNew3DSCPU
 .text.rbtree_init
                0x0000000000106250       0x14 /opt/devkitpro/libctru/lib/libctru.a(rbtree_init.o)
                0x0000000000106250                rbtree_init
 .text.do_insert
                0x0000000000106264      0x18c /opt/devkitpro/libctru/lib/libctru.a(rbtree_insert.o)
 .text.rbtree_insert
                0x00000000001063f0        0x8 /opt/devkitpro/libctru/lib/libctru.a(rbtree_insert.o)
                0x00000000001063f0                rbtree_insert
 .text.rbtree_rotate
                0x00000000001063f8       0x90 /opt/devkitpro/libctru/lib/libctru.a(rbtree_rotate.o)
                0x00000000001063f8                rbtree_rotate
 .text.rbtree_remove
                0x0000000000106488      0x330 /opt/devkitpro/libctru/lib/libctru.a(rbtree_remove.o)
                0x0000000000106488                rbtree_remove
 .text.rbtree_find
                0x00000000001067b8       0x74 /opt/devkitpro/libctru/lib/libctru.a(rbtree_find.o)
                0x00000000001067b8                rbtree_find
 .text.__appInit
                0x000000000010682c       0x1c /opt/devkitpro/libctru/lib/libctru.a(appInit.o)
                0x000000000010682c                __appInit
 .text.__appExit
                0x0000000000106848       0x1c /opt/devkitpro/libctru/lib/libctru.a(appExit.o)
                0x0000000000106848                __appExit
 .text.__libctru_exit
                0x0000000000106864       0xa0 /opt/devkitpro/libctru/lib/libctru.a(ctru_exit.o)
                0x0000000000106864                __libctru_exit
 .text.envGetHandle
                0x0000000000106904       0x80 /opt/devkitpro/libctru/lib/libctru.a(env.o)
                0x0000000000106904                envGetHandle
 .text.envDestroyHandles
                0x0000000000106984       0x4c /opt/devkitpro/libctru/lib/libctru.a(env.o)
                0x0000000000106984                envDestroyHandles
 .text.sdmc_link
                0x00000000001069d0       0x10 /opt/devkitpro/libctru/lib/libctru.a(sdmc_dev.o)
 .text.sdmc_dirreset
                0x00000000001069e0       0x10 /opt/devkitpro/libctru/lib/libctru.a(sdmc_dev.o)
 .text.sdmc_chmod
                0x00000000001069f0       0x10 /opt/devkitpro/libctru/lib/libctru.a(sdmc_dev.o)
 .text.error_cmp
                0x0000000000106a00       0x24 /opt/devkitpro/libctru/lib/libctru.a(sdmc_dev.o)
 .text.sdmc_translate_error
                0x0000000000106a24       0x50 /opt/devkitpro/libctru/lib/libctru.a(sdmc_dev.o)
 .text.sdmc_fsync
                0x0000000000106a74       0x34 /opt/devkitpro/libctru/lib/libctru.a(sdmc_dev.o)
 .text.sdmc_ftruncate
                0x0000000000106aa8       0x54 /opt/devkitpro/libctru/lib/libctru.a(sdmc_dev.o)
 .text.sdmc_statvfs
                0x0000000000106afc       0xb8 /opt/devkitpro/libctru/lib/libctru.a(sdmc_dev.o)
 .text.sdmc_dirclose
                0x0000000000106bb4       0x38 /opt/devkitpro/libctru/lib/libctru.a(sdmc_dev.o)
 .text.sdmc_dirnext
                0x0000000000106bec      0x12c /opt/devkitpro/libctru/lib/libctru.a(sdmc_dev.o)
 .text.sdmc_close
                0x0000000000106d18       0x34 /opt/devkitpro/libctru/lib/libctru.a(sdmc_dev.o)
 .text.sdmc_fstat
                0x0000000000106d4c       0x74 /opt/devkitpro/libctru/lib/libctru.a(sdmc_dev.o)
 .text.sdmc_seek
                0x0000000000106dc0       0xd8 /opt/devkitpro/libctru/lib/libctru.a(sdmc_dev.o)
 .text.sdmc_read
                0x0000000000106e98       0x84 /opt/devkitpro/libctru/lib/libctru.a(sdmc_dev.o)
 .text.sdmc_write
                0x0000000000106f1c       0xc0 /opt/devkitpro/libctru/lib/libctru.a(sdmc_dev.o)
 .text.sdmc_utf16path
                0x0000000000106fdc      0x1b0 /opt/devkitpro/libctru/lib/libctru.a(sdmc_dev.o)
 .text.sdmc_rmdir
                0x000000000010718c       0x74 /opt/devkitpro/libctru/lib/libctru.a(sdmc_dev.o)
 .text.sdmc_diropen
                0x0000000000107200       0xa4 /opt/devkitpro/libctru/lib/libctru.a(sdmc_dev.o)
 .text.sdmc_chdir
                0x00000000001072a4       0xb0 /opt/devkitpro/libctru/lib/libctru.a(sdmc_dev.o)
 .text.sdmc_mkdir
                0x0000000000107354       0x94 /opt/devkitpro/libctru/lib/libctru.a(sdmc_dev.o)
 .text.sdmc_rename
                0x00000000001073e8      0x108 /opt/devkitpro/libctru/lib/libctru.a(sdmc_dev.o)
 .text.sdmc_unlink
                0x00000000001074f0       0x74 /opt/devkitpro/libctru/lib/libctru.a(sdmc_dev.o)
 .text.sdmc_stat
                0x0000000000107564      0x108 /opt/devkitpro/libctru/lib/libctru.a(sdmc_dev.o)
 .text.sdmc_open
                0x000000000010766c      0x198 /opt/devkitpro/libctru/lib/libctru.a(sdmc_dev.o)
 .text.sdmc_fchmod
                0x0000000000107804       0x10 /opt/devkitpro/libctru/lib/libctru.a(sdmc_dev.o)
 .text.sdmcInit
                0x0000000000107814      0x168 /opt/devkitpro/libctru/lib/libctru.a(sdmc_dev.o)
                0x0000000000107814                sdmcInit
 .text.sdmcExit
                0x000000000010797c       0x60 /opt/devkitpro/libctru/lib/libctru.a(sdmc_dev.o)
                0x000000000010797c                sdmcExit
 .text.fsSessionForArchive.part.0
                0x00000000001079dc       0x28 /opt/devkitpro/libctru/lib/libctru.a(fs.o)
 .text.fsInit   0x0000000000107a04       0xc4 /opt/devkitpro/libctru/lib/libctru.a(fs.o)
                0x0000000000107a04                fsInit
 .text.fsExit   0x0000000000107ac8       0x3c /opt/devkitpro/libctru/lib/libctru.a(fs.o)
                0x0000000000107ac8                fsExit
 .text.fsExemptFromSession
                0x0000000000107b04       0x64 /opt/devkitpro/libctru/lib/libctru.a(fs.o)
                0x0000000000107b04                fsExemptFromSession
 .text.fsUnexemptFromSession
                0x0000000000107b68       0x54 /opt/devkitpro/libctru/lib/libctru.a(fs.o)
                0x0000000000107b68                fsUnexemptFromSession
 .text.FSUSER_OpenFile
                0x0000000000107bbc       0xbc /opt/devkitpro/libctru/lib/libctru.a(fs.o)
                0x0000000000107bbc                FSUSER_OpenFile
 .text.FSUSER_DeleteFile
                0x0000000000107c78       0xa4 /opt/devkitpro/libctru/lib/libctru.a(fs.o)
                0x0000000000107c78                FSUSER_DeleteFile
 .text.FSUSER_RenameFile
                0x0000000000107d1c       0xdc /opt/devkitpro/libctru/lib/libctru.a(fs.o)
                0x0000000000107d1c                FSUSER_RenameFile
 .text.FSUSER_DeleteDirectory
                0x0000000000107df8       0xa4 /opt/devkitpro/libctru/lib/libctru.a(fs.o)
                0x0000000000107df8                FSUSER_DeleteDirectory
 .text.FSUSER_CreateFile
                0x0000000000107e9c       0xbc /opt/devkitpro/libctru/lib/libctru.a(fs.o)
                0x0000000000107e9c                FSUSER_CreateFile
 .text.FSUSER_CreateDirectory
                0x0000000000107f58       0xac /opt/devkitpro/libctru/lib/libctru.a(fs.o)
                0x0000000000107f58                FSUSER_CreateDirectory
 .text.FSUSER_RenameDirectory
                0x0000000000108004       0xdc /opt/devkitpro/libctru/lib/libctru.a(fs.o)
                0x0000000000108004                FSUSER_RenameDirectory
 .text.FSUSER_OpenDirectory
                0x00000000001080e0       0xa0 /opt/devkitpro/libctru/lib/libctru.a(fs.o)
                0x00000000001080e0                FSUSER_OpenDirectory
 .text.FSUSER_OpenArchive
                0x0000000000108180       0x98 /opt/devkitpro/libctru/lib/libctru.a(fs.o)
                0x0000000000108180                FSUSER_OpenArchive
 .text.FSUSER_CloseArchive
                0x0000000000108218       0x70 /opt/devkitpro/libctru/lib/libctru.a(fs.o)
                0x0000000000108218                FSUSER_CloseArchive
 .text.FSUSER_GetSdmcArchiveResource
                0x0000000000108288       0x78 /opt/devkitpro/libctru/lib/libctru.a(fs.o)
                0x0000000000108288                FSUSER_GetSdmcArchiveResource
 .text.FSUSER_IsSdmcWritable
                0x0000000000108300       0x64 /opt/devkitpro/libctru/lib/libctru.a(fs.o)
                0x0000000000108300                FSUSER_IsSdmcWritable
 .text.FSFILE_Read
                0x0000000000108364       0x58 /opt/devkitpro/libctru/lib/libctru.a(fs.o)
                0x0000000000108364                FSFILE_Read
 .text.FSFILE_Write
                0x00000000001083bc       0x64 /opt/devkitpro/libctru/lib/libctru.a(fs.o)
                0x00000000001083bc                FSFILE_Write
 .text.FSFILE_GetSize
                0x0000000000108420       0x38 /opt/devkitpro/libctru/lib/libctru.a(fs.o)
                0x0000000000108420                FSFILE_GetSize
 .text.FSFILE_SetSize
                0x0000000000108458       0x28 /opt/devkitpro/libctru/lib/libctru.a(fs.o)
                0x0000000000108458                FSFILE_SetSize
 .text.FSFILE_Close
                0x0000000000108480       0x3c /opt/devkitpro/libctru/lib/libctru.a(fs.o)
                0x0000000000108480                FSFILE_Close
 .text.FSFILE_Flush
                0x00000000001084bc       0x24 /opt/devkitpro/libctru/lib/libctru.a(fs.o)
                0x00000000001084bc                FSFILE_Flush
 .text.FSDIR_Read
                0x00000000001084e0       0x54 /opt/devkitpro/libctru/lib/libctru.a(fs.o)
                0x00000000001084e0                FSDIR_Read
 .text.FSDIR_Close
                0x0000000000108534       0x3c /opt/devkitpro/libctru/lib/libctru.a(fs.o)
                0x0000000000108534                FSDIR_Close
 .text.rbtree_node_next
                0x0000000000108570       0x78 /opt/devkitpro/libctru/lib/libctru.a(rbtree_iterator.o)
                0x0000000000108570                rbtree_node_next
 .text.utf8_to_utf16
                0x00000000001085e8       0xc0 /opt/devkitpro/libctru/lib/libctru.a(utf8_to_utf16.o)
                0x00000000001085e8                utf8_to_utf16
 .text.decode_utf8
                0x00000000001086a8      0x138 /opt/devkitpro/libctru/lib/libctru.a(decode_utf8.o)
                0x00000000001086a8                decode_utf8
 .text.utf16_to_utf8
                0x00000000001087e0       0xe8 /opt/devkitpro/libctru/lib/libctru.a(utf16_to_utf8.o)
                0x00000000001087e0                utf16_to_utf8
 .text.__aeabi_read_tp
                0x00000000001088c8        0xc /opt/devkitpro/libctru/lib/libctru.a(readtp.o)
                0x00000000001088c8                __aeabi_read_tp
 .text.encode_utf16
                0x00000000001088d4       0x68 /opt/devkitpro/libctru/lib/libctru.a(encode_utf16.o)
                0x00000000001088d4                encode_utf16
 .text.encode_utf8
                0x000000000010893c      0x104 /opt/devkitpro/libctru/lib/libctru.a(encode_utf8.o)
                0x000000000010893c                encode_utf8
 .text.decode_utf16
                0x0000000000108a40       0x60 /opt/devkitpro/libctru/lib/libctru.a(decode_utf16.o)
                0x0000000000108a40                decode_utf16
 .text.__fixdfdi
                0x0000000000108aa0       0x2c /opt/devkitpro/devkitARM/lib/gcc/arm-none-eabi/8.3.0/armv6k/fpu/libgcc.a(_fixdfdi.o)
                0x0000000000108aa0                __aeabi_d2lz
                0x0000000000108aa0                __fixdfdi
 *fill*         0x0000000000108acc        0x4 
 .text.__fixunsdfdi
                0x0000000000108ad0       0x40 /opt/devkitpro/devkitARM/lib/gcc/arm-none-eabi/8.3.0/armv6k/fpu/libgcc.a(_fixunsdfdi.o)
                0x0000000000108ad0                __aeabi_d2ulz
                0x0000000000108ad0                __fixunsdfdi
 .text.__udivmoddi4
                0x0000000000108b10      0x128 /opt/devkitpro/devkitARM/lib/gcc/arm-none-eabi/8.3.0/armv6k/fpu/libgcc.a(_udivmoddi4.o)
                0x0000000000108b10                __udivmoddi4
 .text.bsearch  0x0000000000108c38       0x7c /opt/devkitpro/devkitARM/lib/gcc/arm-none-eabi/8.3.0/../../../../arm-none-eabi/lib/armv6k/fpu/libg.a(lib_a-bsearch.o)
                0x0000000000108c38                bsearch
 .text.__libc_fini_array
                0x0000000000108cb4       0x40 /opt/devkitpro/devkitARM/lib/gcc/arm-none-eabi/8.3.0/../../../../arm-none-eabi/lib/armv6k/fpu/libg.a(lib_a-fini.o)
                0x0000000000108cb4                __libc_fini_array
 .text.__libc_init_array
                0x0000000000108cf4       0x7c /opt/devkitpro/devkitARM/lib/gcc/arm-none-eabi/8.3.0/../../../../arm-none-eabi/lib/armv6k/fpu/libg.a(lib_a-init.o)
                0x0000000000108cf4                __libc_init_array
 .text.memalign
                0x0000000000108d70       0x20 /opt/devkitpro/devkitARM/lib/gcc/arm-none-eabi/8.3.0/../../../../arm-none-eabi/lib/armv6k/fpu/libg.a(lib_a-malign.o)
                0x0000000000108d70                memalign
 .text._memalign_r
                0x0000000000108d90      0x14c /opt/devkitpro/devkitARM/lib/gcc/arm-none-eabi/8.3.0/../../../../arm-none-eabi/lib/armv6k/fpu/libg.a(lib_a-malignr.o)
                0x0000000000108d90                _memalign_r
 .text.malloc   0x0000000000108edc       0x18 /opt/devkitpro/devkitARM/lib/gcc/arm-none-eabi/8.3.0/../../../../arm-none-eabi/lib/armv6k/fpu/libg.a(lib_a-malloc.o)
                0x0000000000108edc                malloc
 .text.free     0x0000000000108ef4       0x18 /opt/devkitpro/devkitARM/lib/gcc/arm-none-eabi/8.3.0/../../../../arm-none-eabi/lib/armv6k/fpu/libg.a(lib_a-malloc.o)
                0x0000000000108ef4                free
 .text._malloc_r
                0x0000000000108f0c      0x7d8 /opt/devkitpro/devkitARM/lib/gcc/arm-none-eabi/8.3.0/../../../../arm-none-eabi/lib/armv6k/fpu/libg.a(lib_a-mallocr.o)
                0x0000000000108f0c                _malloc_r
 .text.memchr   0x00000000001096e4      0x100 /opt/devkitpro/devkitARM/lib/gcc/arm-none-eabi/8.3.0/../../../../arm-none-eabi/lib/armv6k/fpu/libg.a(lib_a-memchr-stub.o)
                0x00000000001096e4                memchr
 .text.memcpy   0x00000000001097e4      0x118 /opt/devkitpro/devkitARM/lib/gcc/arm-none-eabi/8.3.0/../../../../arm-none-eabi/lib/armv6k/fpu/libg.a(lib_a-memcpy-stub.o)
                0x00000000001097e4                memcpy
 .text.memset   0x00000000001098fc      0x114 /opt/devkitpro/devkitARM/lib/gcc/arm-none-eabi/8.3.0/../../../../arm-none-eabi/lib/armv6k/fpu/libg.a(lib_a-memset.o)
                0x00000000001098fc                memset
 .text.__malloc_lock
                0x0000000000109a10        0xc /opt/devkitpro/devkitARM/lib/gcc/arm-none-eabi/8.3.0/../../../../arm-none-eabi/lib/armv6k/fpu/libg.a(lib_a-mlock.o)
                0x0000000000109a10                __malloc_lock
 .text.__malloc_unlock
                0x0000000000109a1c        0xc /opt/devkitpro/devkitARM/lib/gcc/arm-none-eabi/8.3.0/../../../../arm-none-eabi/lib/armv6k/fpu/libg.a(lib_a-mlock.o)
                0x0000000000109a1c                __malloc_unlock
 .text.printf   0x0000000000109a28       0x38 /opt/devkitpro/devkitARM/lib/gcc/arm-none-eabi/8.3.0/../../../../arm-none-eabi/lib/armv6k/fpu/libg.a(lib_a-printf.o)
                0x0000000000109a28                printf
 .text.setvbuf  0x0000000000109a60      0x25c /opt/devkitpro/devkitARM/lib/gcc/arm-none-eabi/8.3.0/../../../../arm-none-eabi/lib/armv6k/fpu/libg.a(lib_a-setvbuf.o)
                0x0000000000109a60                setvbuf
 .text.sscanf   0x0000000000109cbc       0x74 /opt/devkitpro/devkitARM/lib/gcc/arm-none-eabi/8.3.0/../../../../arm-none-eabi/lib/armv6k/fpu/libg.a(lib_a-sscanf.o)
                0x0000000000109cbc                sscanf
 .text.__sread  0x0000000000109d30       0x3c /opt/devkitpro/devkitARM/lib/gcc/arm-none-eabi/8.3.0/../../../../arm-none-eabi/lib/armv6k/fpu/libg.a(lib_a-stdio.o)
                0x0000000000109d30                __sread
 .text.__seofread
                0x0000000000109d6c        0x8 /opt/devkitpro/devkitARM/lib/gcc/arm-none-eabi/8.3.0/../../../../arm-none-eabi/lib/armv6k/fpu/libg.a(lib_a-stdio.o)
                0x0000000000109d6c                __seofread
 .text.__swrite
                0x0000000000109d74       0x68 /opt/devkitpro/devkitARM/lib/gcc/arm-none-eabi/8.3.0/../../../../arm-none-eabi/lib/armv6k/fpu/libg.a(lib_a-stdio.o)
                0x0000000000109d74                __swrite
 .text.__sseek  0x0000000000109ddc       0x48 /opt/devkitpro/devkitARM/lib/gcc/arm-none-eabi/8.3.0/../../../../arm-none-eabi/lib/armv6k/fpu/libg.a(lib_a-stdio.o)
                0x0000000000109ddc                __sseek
 .text.__sclose
                0x0000000000109e24        0x8 /opt/devkitpro/devkitARM/lib/gcc/arm-none-eabi/8.3.0/../../../../arm-none-eabi/lib/armv6k/fpu/libg.a(lib_a-stdio.o)
                0x0000000000109e24                __sclose
 .text.strlen   0x0000000000109e2c       0x5c /opt/devkitpro/devkitARM/lib/gcc/arm-none-eabi/8.3.0/../../../../arm-none-eabi/lib/armv6k/fpu/libg.a(lib_a-strlen-stub.o)
                0x0000000000109e2c                strlen
 .text.strncat  0x0000000000109e88       0x98 /opt/devkitpro/devkitARM/lib/gcc/arm-none-eabi/8.3.0/../../../../arm-none-eabi/lib/armv6k/fpu/libg.a(lib_a-strncat.o)
                0x0000000000109e88                strncat
 .text.strncpy  0x0000000000109f20       0xe0 /opt/devkitpro/devkitARM/lib/gcc/arm-none-eabi/8.3.0/../../../../arm-none-eabi/lib/armv6k/fpu/libg.a(lib_a-strncpy.o)
                0x0000000000109f20                strncpy
 .text.strnlen  0x000000000010a000       0x5c /opt/devkitpro/devkitARM/lib/gcc/arm-none-eabi/8.3.0/../../../../arm-none-eabi/lib/armv6k/fpu/libg.a(lib_a-strnlen.o)
                0x000000000010a000                strnlen
 .text.get_arg  0x000000000010a05c       0x48 /opt/devkitpro/devkitARM/lib/gcc/arm-none-eabi/8.3.0/../../../../arm-none-eabi/lib/armv6k/fpu/libg.a(lib_a-svfscanf.o)
 .text.__ssvfscanf_r
                0x000000000010a0a4     0x2acc /opt/devkitpro/devkitARM/lib/gcc/arm-none-eabi/8.3.0/../../../../arm-none-eabi/lib/armv6k/fpu/libg.a(lib_a-svfscanf.o)
                0x000000000010a0a4                __ssvfscanf_r
 .text.__sprint_r
                0x000000000010cb70       0x34 /opt/devkitpro/devkitARM/lib/gcc/arm-none-eabi/8.3.0/../../../../arm-none-eabi/lib/armv6k/fpu/libg.a(lib_a-vfiprintf.o)
                0x000000000010cb70                __sprint_r
 .text.get_arg  0x000000000010cba4      0x620 /opt/devkitpro/devkitARM/lib/gcc/arm-none-eabi/8.3.0/../../../../arm-none-eabi/lib/armv6k/fpu/libg.a(lib_a-vfprintf.o)
 *fill*         0x000000000010d1c4        0x4 
 .text._vfprintf_r
                0x000000000010d1c8     0x373c /opt/devkitpro/devkitARM/lib/gcc/arm-none-eabi/8.3.0/../../../../arm-none-eabi/lib/armv6k/fpu/libg.a(lib_a-vfprintf.o)
                0x000000000010d1c8                _vfprintf_r
 .text.__sbprintf
                0x0000000000110904       0xd0 /opt/devkitpro/devkitARM/lib/gcc/arm-none-eabi/8.3.0/../../../../arm-none-eabi/lib/armv6k/fpu/libg.a(lib_a-vfprintf.o)
 .text._wcrtomb_r
                0x00000000001109d4       0x54 /opt/devkitpro/devkitARM/lib/gcc/arm-none-eabi/8.3.0/../../../../arm-none-eabi/lib/armv6k/fpu/libg.a(lib_a-wcrtomb.o)
                0x00000000001109d4                _wcrtomb_r
 .text._wcsrtombs_r
                0x0000000000110a28       0x20 /opt/devkitpro/devkitARM/lib/gcc/arm-none-eabi/8.3.0/../../../../arm-none-eabi/lib/armv6k/fpu/libg.a(lib_a-wcsrtombs.o)
                0x0000000000110a28                _wcsrtombs_r
 .text.__swsetup_r
                0x0000000000110a48      0x150 /opt/devkitpro/devkitARM/lib/gcc/arm-none-eabi/8.3.0/../../../../arm-none-eabi/lib/armv6k/fpu/libg.a(lib_a-wsetup.o)
                0x0000000000110a48                __swsetup_r
 .text.quorem   0x0000000000110b98      0x1c8 /opt/devkitpro/devkitARM/lib/gcc/arm-none-eabi/8.3.0/../../../../arm-none-eabi/lib/armv6k/fpu/libg.a(lib_a-dtoa.o)
 .text._dtoa_r  0x0000000000110d60     0x12ec /opt/devkitpro/devkitARM/lib/gcc/arm-none-eabi/8.3.0/../../../../arm-none-eabi/lib/armv6k/fpu/libg.a(lib_a-dtoa.o)
                0x0000000000110d60                _dtoa_r
 .text.__sflush_r
                0x000000000011204c      0x270 /opt/devkitpro/devkitARM/lib/gcc/arm-none-eabi/8.3.0/../../../../arm-none-eabi/lib/armv6k/fpu/libg.a(lib_a-fflush.o)
                0x000000000011204c                __sflush_r
 .text._fflush_r
                0x00000000001122bc       0x94 /opt/devkitpro/devkitARM/lib/gcc/arm-none-eabi/8.3.0/../../../../arm-none-eabi/lib/armv6k/fpu/libg.a(lib_a-fflush.o)
                0x00000000001122bc                _fflush_r
 .text.std      0x0000000000112350       0x78 /opt/devkitpro/devkitARM/lib/gcc/arm-none-eabi/8.3.0/../../../../arm-none-eabi/lib/armv6k/fpu/libg.a(lib_a-findfp.o)
 .text._cleanup_r
                0x00000000001123c8        0xc /opt/devkitpro/devkitARM/lib/gcc/arm-none-eabi/8.3.0/../../../../arm-none-eabi/lib/armv6k/fpu/libg.a(lib_a-findfp.o)
                0x00000000001123c8                _cleanup_r
 .text.__sinit  0x00000000001123d4       0x8c /opt/devkitpro/devkitARM/lib/gcc/arm-none-eabi/8.3.0/../../../../arm-none-eabi/lib/armv6k/fpu/libg.a(lib_a-findfp.o)
                0x00000000001123d4                __sinit
 .text.__sfp_lock_acquire
                0x0000000000112460        0xc /opt/devkitpro/devkitARM/lib/gcc/arm-none-eabi/8.3.0/../../../../arm-none-eabi/lib/armv6k/fpu/libg.a(lib_a-findfp.o)
                0x0000000000112460                __sfp_lock_acquire
 .text.__sfp_lock_release
                0x000000000011246c        0xc /opt/devkitpro/devkitARM/lib/gcc/arm-none-eabi/8.3.0/../../../../arm-none-eabi/lib/armv6k/fpu/libg.a(lib_a-findfp.o)
                0x000000000011246c                __sfp_lock_release
 .text._malloc_trim_r
                0x0000000000112478       0xf8 /opt/devkitpro/devkitARM/lib/gcc/arm-none-eabi/8.3.0/../../../../arm-none-eabi/lib/armv6k/fpu/libg.a(lib_a-freer.o)
                0x0000000000112478                _malloc_trim_r
 .text._free_r  0x0000000000112570      0x2e4 /opt/devkitpro/devkitARM/lib/gcc/arm-none-eabi/8.3.0/../../../../arm-none-eabi/lib/armv6k/fpu/libg.a(lib_a-freer.o)
                0x0000000000112570                _free_r
 .text.__sfvwrite_r
                0x0000000000112854      0x4a4 /opt/devkitpro/devkitARM/lib/gcc/arm-none-eabi/8.3.0/../../../../arm-none-eabi/lib/armv6k/fpu/libg.a(lib_a-fvwrite.o)
                0x0000000000112854                __sfvwrite_r
 .text._fwalk_reent
                0x0000000000112cf8       0x80 /opt/devkitpro/devkitARM/lib/gcc/arm-none-eabi/8.3.0/../../../../arm-none-eabi/lib/armv6k/fpu/libg.a(lib_a-fwalk.o)
                0x0000000000112cf8                _fwalk_reent
 .text.iswspace
                0x0000000000112d78        0x8 /opt/devkitpro/devkitARM/lib/gcc/arm-none-eabi/8.3.0/../../../../arm-none-eabi/lib/armv6k/fpu/libg.a(lib_a-iswspace.o)
                0x0000000000112d78                iswspace
 .text._localeconv_r
                0x0000000000112d80        0xc /opt/devkitpro/devkitARM/lib/gcc/arm-none-eabi/8.3.0/../../../../arm-none-eabi/lib/armv6k/fpu/libg.a(lib_a-localeconv.o)
                0x0000000000112d80                _localeconv_r
 .text.__locale_mb_cur_max
                0x0000000000112d8c       0x10 /opt/devkitpro/devkitARM/lib/gcc/arm-none-eabi/8.3.0/../../../../arm-none-eabi/lib/armv6k/fpu/libg.a(lib_a-locale.o)
                0x0000000000112d8c                __locale_mb_cur_max
 .text.__swhatbuf_r
                0x0000000000112d9c       0x94 /opt/devkitpro/devkitARM/lib/gcc/arm-none-eabi/8.3.0/../../../../arm-none-eabi/lib/armv6k/fpu/libg.a(lib_a-makebuf.o)
                0x0000000000112d9c                __swhatbuf_r
 .text.__smakebuf_r
                0x0000000000112e30       0xf4 /opt/devkitpro/devkitARM/lib/gcc/arm-none-eabi/8.3.0/../../../../arm-none-eabi/lib/armv6k/fpu/libg.a(lib_a-makebuf.o)
                0x0000000000112e30                __smakebuf_r
 .text._mbrtowc_r
                0x0000000000112f24       0x60 /opt/devkitpro/devkitARM/lib/gcc/arm-none-eabi/8.3.0/../../../../arm-none-eabi/lib/armv6k/fpu/libg.a(lib_a-mbrtowc.o)
                0x0000000000112f24                _mbrtowc_r
 .text.__utf8_mbtowc
                0x0000000000112f84      0x2fc /opt/devkitpro/devkitARM/lib/gcc/arm-none-eabi/8.3.0/../../../../arm-none-eabi/lib/armv6k/fpu/libg.a(lib_a-mbtowc_r.o)
                0x0000000000112f84                __utf8_mbtowc
 .text.memmove  0x0000000000113280      0x154 /opt/devkitpro/devkitARM/lib/gcc/arm-none-eabi/8.3.0/../../../../arm-none-eabi/lib/armv6k/fpu/libg.a(lib_a-memmove.o)
                0x0000000000113280                memmove
 .text._Balloc  0x00000000001133d4       0x88 /opt/devkitpro/devkitARM/lib/gcc/arm-none-eabi/8.3.0/../../../../arm-none-eabi/lib/armv6k/fpu/libg.a(lib_a-mprec.o)
                0x00000000001133d4                _Balloc
 .text._Bfree   0x000000000011345c       0x1c /opt/devkitpro/devkitARM/lib/gcc/arm-none-eabi/8.3.0/../../../../arm-none-eabi/lib/armv6k/fpu/libg.a(lib_a-mprec.o)
                0x000000000011345c                _Bfree
 .text.__multadd
                0x0000000000113478       0xe0 /opt/devkitpro/devkitARM/lib/gcc/arm-none-eabi/8.3.0/../../../../arm-none-eabi/lib/armv6k/fpu/libg.a(lib_a-mprec.o)
                0x0000000000113478                __multadd
 .text.__s2b    0x0000000000113558       0xe4 /opt/devkitpro/devkitARM/lib/gcc/arm-none-eabi/8.3.0/../../../../arm-none-eabi/lib/armv6k/fpu/libg.a(lib_a-mprec.o)
                0x0000000000113558                __s2b
 .text.__hi0bits
                0x000000000011363c       0x58 /opt/devkitpro/devkitARM/lib/gcc/arm-none-eabi/8.3.0/../../../../arm-none-eabi/lib/armv6k/fpu/libg.a(lib_a-mprec.o)
                0x000000000011363c                __hi0bits
 .text.__lo0bits
                0x0000000000113694       0x9c /opt/devkitpro/devkitARM/lib/gcc/arm-none-eabi/8.3.0/../../../../arm-none-eabi/lib/armv6k/fpu/libg.a(lib_a-mprec.o)
                0x0000000000113694                __lo0bits
 .text.__i2b    0x0000000000113730       0x20 /opt/devkitpro/devkitARM/lib/gcc/arm-none-eabi/8.3.0/../../../../arm-none-eabi/lib/armv6k/fpu/libg.a(lib_a-mprec.o)
                0x0000000000113730                __i2b
 .text.__multiply
                0x0000000000113750      0x1c4 /opt/devkitpro/devkitARM/lib/gcc/arm-none-eabi/8.3.0/../../../../arm-none-eabi/lib/armv6k/fpu/libg.a(lib_a-mprec.o)
                0x0000000000113750                __multiply
 .text.__pow5mult
                0x0000000000113914      0x100 /opt/devkitpro/devkitARM/lib/gcc/arm-none-eabi/8.3.0/../../../../arm-none-eabi/lib/armv6k/fpu/libg.a(lib_a-mprec.o)
                0x0000000000113914                __pow5mult
 .text.__lshift
                0x0000000000113a14       0xf4 /opt/devkitpro/devkitARM/lib/gcc/arm-none-eabi/8.3.0/../../../../arm-none-eabi/lib/armv6k/fpu/libg.a(lib_a-mprec.o)
                0x0000000000113a14                __lshift
 .text.__mcmp   0x0000000000113b08       0x5c /opt/devkitpro/devkitARM/lib/gcc/arm-none-eabi/8.3.0/../../../../arm-none-eabi/lib/armv6k/fpu/libg.a(lib_a-mprec.o)
                0x0000000000113b08                __mcmp
 .text.__mdiff  0x0000000000113b64      0x168 /opt/devkitpro/devkitARM/lib/gcc/arm-none-eabi/8.3.0/../../../../arm-none-eabi/lib/armv6k/fpu/libg.a(lib_a-mprec.o)
                0x0000000000113b64                __mdiff
 .text.__ulp    0x0000000000113ccc       0x74 /opt/devkitpro/devkitARM/lib/gcc/arm-none-eabi/8.3.0/../../../../arm-none-eabi/lib/armv6k/fpu/libg.a(lib_a-mprec.o)
                0x0000000000113ccc                __ulp
 .text.__b2d    0x0000000000113d40       0xd4 /opt/devkitpro/devkitARM/lib/gcc/arm-none-eabi/8.3.0/../../../../arm-none-eabi/lib/armv6k/fpu/libg.a(lib_a-mprec.o)
                0x0000000000113d40                __b2d
 .text.__d2b    0x0000000000113e14      0x100 /opt/devkitpro/devkitARM/lib/gcc/arm-none-eabi/8.3.0/../../../../arm-none-eabi/lib/armv6k/fpu/libg.a(lib_a-mprec.o)
                0x0000000000113e14                __d2b
 .text.__ratio  0x0000000000113f14       0x84 /opt/devkitpro/devkitARM/lib/gcc/arm-none-eabi/8.3.0/../../../../arm-none-eabi/lib/armv6k/fpu/libg.a(lib_a-mprec.o)
                0x0000000000113f14                __ratio
 .text.__copybits
                0x0000000000113f98       0x6c /opt/devkitpro/devkitARM/lib/gcc/arm-none-eabi/8.3.0/../../../../arm-none-eabi/lib/armv6k/fpu/libg.a(lib_a-mprec.o)
                0x0000000000113f98                __copybits
 .text.__any_on
                0x0000000000114004       0x78 /opt/devkitpro/devkitARM/lib/gcc/arm-none-eabi/8.3.0/../../../../arm-none-eabi/lib/armv6k/fpu/libg.a(lib_a-mprec.o)
                0x0000000000114004                __any_on
 .text.realloc  0x000000000011407c       0x20 /opt/devkitpro/devkitARM/lib/gcc/arm-none-eabi/8.3.0/../../../../arm-none-eabi/lib/armv6k/fpu/libg.a(lib_a-realloc.o)
                0x000000000011407c                realloc
 .text._realloc_r
                0x000000000011409c      0x4bc /opt/devkitpro/devkitARM/lib/gcc/arm-none-eabi/8.3.0/../../../../arm-none-eabi/lib/armv6k/fpu/libg.a(lib_a-reallocr.o)
                0x000000000011409c                _realloc_r
 .text.__sccl   0x0000000000114558       0xcc /opt/devkitpro/devkitARM/lib/gcc/arm-none-eabi/8.3.0/../../../../arm-none-eabi/lib/armv6k/fpu/libg.a(lib_a-sccl.o)
                0x0000000000114558                __sccl
 .text.nanf     0x0000000000114624        0xc /opt/devkitpro/devkitARM/lib/gcc/arm-none-eabi/8.3.0/../../../../arm-none-eabi/lib/armv6k/fpu/libg.a(lib_a-sf_nan.o)
                0x0000000000114624                nanf
 .text.frexp    0x0000000000114630       0xa8 /opt/devkitpro/devkitARM/lib/gcc/arm-none-eabi/8.3.0/../../../../arm-none-eabi/lib/armv6k/fpu/libg.a(lib_a-s_frexp.o)
                0x0000000000114630                frexp
 .text.sprintf  0x00000000001146d8       0x64 /opt/devkitpro/devkitARM/lib/gcc/arm-none-eabi/8.3.0/../../../../arm-none-eabi/lib/armv6k/fpu/libg.a(lib_a-sprintf.o)
                0x00000000001146d8                sprintf
 .text.stpncpy  0x000000000011473c      0x100 /opt/devkitpro/devkitARM/lib/gcc/arm-none-eabi/8.3.0/../../../../arm-none-eabi/lib/armv6k/fpu/libg.a(lib_a-stpncpy.o)
                0x000000000011473c                stpncpy
 .text.strchr   0x000000000011483c      0x180 /opt/devkitpro/devkitARM/lib/gcc/arm-none-eabi/8.3.0/../../../../arm-none-eabi/lib/armv6k/fpu/libg.a(lib_a-strchr.o)
                0x000000000011483c                strchr
 .text.strncmp  0x00000000001149bc      0x10c /opt/devkitpro/devkitARM/lib/gcc/arm-none-eabi/8.3.0/../../../../arm-none-eabi/lib/armv6k/fpu/libg.a(lib_a-strncmp.o)
                0x00000000001149bc                strncmp
 .text.sulp     0x0000000000114ac8       0x54 /opt/devkitpro/devkitARM/lib/gcc/arm-none-eabi/8.3.0/../../../../arm-none-eabi/lib/armv6k/fpu/libg.a(lib_a-strtod.o)
 *fill*         0x0000000000114b1c        0x4 
 .text._strtod_l
                0x0000000000114b20     0x13c4 /opt/devkitpro/devkitARM/lib/gcc/arm-none-eabi/8.3.0/../../../../arm-none-eabi/lib/armv6k/fpu/libg.a(lib_a-strtod.o)
                0x0000000000114b20                _strtod_l
 .text._strtod_r
                0x0000000000115ee4        0xc /opt/devkitpro/devkitARM/lib/gcc/arm-none-eabi/8.3.0/../../../../arm-none-eabi/lib/armv6k/fpu/libg.a(lib_a-strtod.o)
                0x0000000000115ee4                _strtod_r
 .text._strtoll_l.isra.0
                0x0000000000115ef0      0x25c /opt/devkitpro/devkitARM/lib/gcc/arm-none-eabi/8.3.0/../../../../arm-none-eabi/lib/armv6k/fpu/libg.a(lib_a-strtoll.o)
 .text._strtoll_r
                0x000000000011614c        0x4 /opt/devkitpro/devkitARM/lib/gcc/arm-none-eabi/8.3.0/../../../../arm-none-eabi/lib/armv6k/fpu/libg.a(lib_a-strtoll.o)
                0x000000000011614c                _strtoll_r
 .text._strtol_l.isra.0
                0x0000000000116150      0x1bc /opt/devkitpro/devkitARM/lib/gcc/arm-none-eabi/8.3.0/../../../../arm-none-eabi/lib/armv6k/fpu/libg.a(lib_a-strtol.o)
 .text._strtol_r
                0x000000000011630c        0x4 /opt/devkitpro/devkitARM/lib/gcc/arm-none-eabi/8.3.0/../../../../arm-none-eabi/lib/armv6k/fpu/libg.a(lib_a-strtol.o)
                0x000000000011630c                _strtol_r
 .text._strtoull_l.isra.0
                0x0000000000116310      0x25c /opt/devkitpro/devkitARM/lib/gcc/arm-none-eabi/8.3.0/../../../../arm-none-eabi/lib/armv6k/fpu/libg.a(lib_a-strtoull.o)
 .text._strtoull_r
                0x000000000011656c        0x4 /opt/devkitpro/devkitARM/lib/gcc/arm-none-eabi/8.3.0/../../../../arm-none-eabi/lib/armv6k/fpu/libg.a(lib_a-strtoull.o)
                0x000000000011656c                _strtoull_r
 .text._strtoul_l.isra.0
                0x0000000000116570      0x1d0 /opt/devkitpro/devkitARM/lib/gcc/arm-none-eabi/8.3.0/../../../../arm-none-eabi/lib/armv6k/fpu/libg.a(lib_a-strtoul.o)
 .text._strtoul_r
                0x0000000000116740        0x4 /opt/devkitpro/devkitARM/lib/gcc/arm-none-eabi/8.3.0/../../../../arm-none-eabi/lib/armv6k/fpu/libg.a(lib_a-strtoul.o)
                0x0000000000116740                _strtoul_r
 .text.__ssprint_r
                0x0000000000116744      0x188 /opt/devkitpro/devkitARM/lib/gcc/arm-none-eabi/8.3.0/../../../../arm-none-eabi/lib/armv6k/fpu/libg.a(lib_a-svfiprintf.o)
                0x0000000000116744                __ssprint_r
 .text._sungetc_r
                0x00000000001168cc       0xe4 /opt/devkitpro/devkitARM/lib/gcc/arm-none-eabi/8.3.0/../../../../arm-none-eabi/lib/armv6k/fpu/libg.a(lib_a-svfiscanf.o)
                0x00000000001168cc                _sungetc_r
 .text.__ssrefill_r
                0x00000000001169b0       0x6c /opt/devkitpro/devkitARM/lib/gcc/arm-none-eabi/8.3.0/../../../../arm-none-eabi/lib/armv6k/fpu/libg.a(lib_a-svfiscanf.o)
                0x00000000001169b0                __ssrefill_r
 .text._sfread_r
                0x0000000000116a1c       0xc8 /opt/devkitpro/devkitARM/lib/gcc/arm-none-eabi/8.3.0/../../../../arm-none-eabi/lib/armv6k/fpu/libg.a(lib_a-svfiscanf.o)
                0x0000000000116a1c                _sfread_r
 .text.get_arg  0x0000000000116ae4      0x620 /opt/devkitpro/devkitARM/lib/gcc/arm-none-eabi/8.3.0/../../../../arm-none-eabi/lib/armv6k/fpu/libg.a(lib_a-svfprintf.o)
 *fill*         0x0000000000117104        0x4 
 .text._svfprintf_r
                0x0000000000117108     0x35c0 /opt/devkitpro/devkitARM/lib/gcc/arm-none-eabi/8.3.0/../../../../arm-none-eabi/lib/armv6k/fpu/libg.a(lib_a-svfprintf.o)
                0x0000000000117108                _svfprintf_r
 .text.__submore
                0x000000000011a6c8       0xa4 /opt/devkitpro/devkitARM/lib/gcc/arm-none-eabi/8.3.0/../../../../arm-none-eabi/lib/armv6k/fpu/libg.a(lib_a-ungetc.o)
                0x000000000011a6c8                __submore
 .text._wcsnrtombs_l
                0x000000000011a76c      0x184 /opt/devkitpro/devkitARM/lib/gcc/arm-none-eabi/8.3.0/../../../../arm-none-eabi/lib/armv6k/fpu/libg.a(lib_a-wcsnrtombs.o)
                0x000000000011a76c                _wcsnrtombs_l
 .text._wcsnrtombs_r
                0x000000000011a8f0       0x4c /opt/devkitpro/devkitARM/lib/gcc/arm-none-eabi/8.3.0/../../../../arm-none-eabi/lib/armv6k/fpu/libg.a(lib_a-wcsnrtombs.o)
                0x000000000011a8f0                _wcsnrtombs_r
 .text.__utf8_wctomb
                0x000000000011a93c       0xe8 /opt/devkitpro/devkitARM/lib/gcc/arm-none-eabi/8.3.0/../../../../arm-none-eabi/lib/armv6k/fpu/libg.a(lib_a-wctomb_r.o)
                0x000000000011a93c                __utf8_wctomb
 .text._calloc_r
                0x000000000011aa24       0x94 /opt/devkitpro/devkitARM/lib/gcc/arm-none-eabi/8.3.0/../../../../arm-none-eabi/lib/armv6k/fpu/libg.a(lib_a-callocr.o)
                0x000000000011aa24                _calloc_r
 .text._fclose_r
                0x000000000011aab8      0x160 /opt/devkitpro/devkitARM/lib/gcc/arm-none-eabi/8.3.0/../../../../arm-none-eabi/lib/armv6k/fpu/libg.a(lib_a-fclose.o)
                0x000000000011aab8                _fclose_r
 .text.rshift   0x000000000011ac18       0xec /opt/devkitpro/devkitARM/lib/gcc/arm-none-eabi/8.3.0/../../../../arm-none-eabi/lib/armv6k/fpu/libg.a(lib_a-gdtoa-gethex.o)
 .text.__gethex
                0x000000000011ad04      0x828 /opt/devkitpro/devkitARM/lib/gcc/arm-none-eabi/8.3.0/../../../../arm-none-eabi/lib/armv6k/fpu/libg.a(lib_a-gdtoa-gethex.o)
                0x000000000011ad04                __gethex
 .text.__match  0x000000000011b52c       0x60 /opt/devkitpro/devkitARM/lib/gcc/arm-none-eabi/8.3.0/../../../../arm-none-eabi/lib/armv6k/fpu/libg.a(lib_a-gdtoa-hexnan.o)
                0x000000000011b52c                __match
 .text.__hexnan
                0x000000000011b58c      0x254 /opt/devkitpro/devkitARM/lib/gcc/arm-none-eabi/8.3.0/../../../../arm-none-eabi/lib/armv6k/fpu/libg.a(lib_a-gdtoa-hexnan.o)
                0x000000000011b58c                __hexnan
 .text.iswspace_l
                0x000000000011b7e0       0x3c /opt/devkitpro/devkitARM/lib/gcc/arm-none-eabi/8.3.0/../../../../arm-none-eabi/lib/armv6k/fpu/libg.a(lib_a-iswspace_l.o)
                0x000000000011b7e0                iswspace_l
 .text.__jp2uc  0x000000000011b81c      0x1e0 /opt/devkitpro/devkitARM/lib/gcc/arm-none-eabi/8.3.0/../../../../arm-none-eabi/lib/armv6k/fpu/libg.a(lib_a-jp2uc.o)
 .text._jp2uc_l
                0x000000000011b9fc       0x94 /opt/devkitpro/devkitARM/lib/gcc/arm-none-eabi/8.3.0/../../../../arm-none-eabi/lib/armv6k/fpu/libg.a(lib_a-jp2uc.o)
                0x000000000011b9fc                _jp2uc_l
 .text.nan      0x000000000011ba90       0x10 /opt/devkitpro/devkitARM/lib/gcc/arm-none-eabi/8.3.0/../../../../arm-none-eabi/lib/armv6k/fpu/libg.a(lib_a-s_nan.o)
                0x000000000011ba90                nan
 .text.category
                0x000000000011baa0       0x84 /opt/devkitpro/devkitARM/lib/gcc/arm-none-eabi/8.3.0/../../../../arm-none-eabi/lib/armv6k/fpu/libg.a(lib_a-categories.o)
                0x000000000011baa0                category
 .text.null_write
                0x000000000011bb24        0x8 /opt/devkitpro/devkitARM/lib/gcc/arm-none-eabi/8.3.0/../../../../arm-none-eabi/lib/armv6k/fpu/libsysbase.a(iosupport.o)
 .text.setDefaultDevice
                0x000000000011bb2c       0x18 /opt/devkitpro/devkitARM/lib/gcc/arm-none-eabi/8.3.0/../../../../arm-none-eabi/lib/armv6k/fpu/libsysbase.a(iosupport.o)
                0x000000000011bb2c                setDefaultDevice
 .text.FindDevice
                0x000000000011bb44       0xc8 /opt/devkitpro/devkitARM/lib/gcc/arm-none-eabi/8.3.0/../../../../arm-none-eabi/lib/armv6k/fpu/libsysbase.a(iosupport.o)
                0x000000000011bb44                FindDevice
 .text.RemoveDevice
                0x000000000011bc0c       0x28 /opt/devkitpro/devkitARM/lib/gcc/arm-none-eabi/8.3.0/../../../../arm-none-eabi/lib/armv6k/fpu/libsysbase.a(iosupport.o)
                0x000000000011bc0c                RemoveDevice
 .text.AddDevice
                0x000000000011bc34       0x9c /opt/devkitpro/devkitARM/lib/gcc/arm-none-eabi/8.3.0/../../../../arm-none-eabi/lib/armv6k/fpu/libsysbase.a(iosupport.o)
                0x000000000011bc34                AddDevice
 .text._close_r
                0x000000000011bcd0       0x84 /opt/devkitpro/devkitARM/lib/gcc/arm-none-eabi/8.3.0/../../../../arm-none-eabi/lib/armv6k/fpu/libsysbase.a(close.o)
                0x000000000011bcd0                _close_r
 .text._fstat_r
                0x000000000011bd54       0x74 /opt/devkitpro/devkitARM/lib/gcc/arm-none-eabi/8.3.0/../../../../arm-none-eabi/lib/armv6k/fpu/libsysbase.a(fstat.o)
                0x000000000011bd54                _fstat_r
 .text._isatty_r
                0x000000000011bdc8        0x8 /opt/devkitpro/devkitARM/lib/gcc/arm-none-eabi/8.3.0/../../../../arm-none-eabi/lib/armv6k/fpu/libsysbase.a(isatty.o)
                0x000000000011bdc8                _isatty_r
 .text._lseek_r
                0x000000000011bdd0       0x84 /opt/devkitpro/devkitARM/lib/gcc/arm-none-eabi/8.3.0/../../../../arm-none-eabi/lib/armv6k/fpu/libsysbase.a(lseek.o)
                0x000000000011bdd0                _lseek_r
 .text._read_r  0x000000000011be54       0x80 /opt/devkitpro/devkitARM/lib/gcc/arm-none-eabi/8.3.0/../../../../arm-none-eabi/lib/armv6k/fpu/libsysbase.a(read.o)
                0x000000000011be54                _read_r
 .text._sbrk_r  0x000000000011bed4       0x70 /opt/devkitpro/devkitARM/lib/gcc/arm-none-eabi/8.3.0/../../../../arm-none-eabi/lib/armv6k/fpu/libsysbase.a(sbrk.o)
                0x000000000011bed4                _sbrk_r
 .text._write_r
                0x000000000011bf44       0x80 /opt/devkitpro/devkitARM/lib/gcc/arm-none-eabi/8.3.0/../../../../arm-none-eabi/lib/armv6k/fpu/libsysbase.a(write.o)
                0x000000000011bf44                _write_r
 .text._concatenate_path
                0x000000000011bfc4      0x1cc /opt/devkitpro/devkitARM/lib/gcc/arm-none-eabi/8.3.0/../../../../arm-none-eabi/lib/armv6k/fpu/libsysbase.a(chdir.o)
                0x000000000011bfc4                _concatenate_path
 .text.chdir    0x000000000011c190      0x15c /opt/devkitpro/devkitARM/lib/gcc/arm-none-eabi/8.3.0/../../../../arm-none-eabi/lib/armv6k/fpu/libsysbase.a(chdir.o)
                0x000000000011c190                chdir
 .text.__flockfile
                0x000000000011c2ec        0x8 /opt/devkitpro/devkitARM/lib/gcc/arm-none-eabi/8.3.0/../../../../arm-none-eabi/lib/armv6k/fpu/libsysbase.a(flock.o)
                0x000000000011c2ec                __flockfile
 .text.__funlockfile
                0x000000000011c2f4        0x8 /opt/devkitpro/devkitARM/lib/gcc/arm-none-eabi/8.3.0/../../../../arm-none-eabi/lib/armv6k/fpu/libsysbase.a(flock.o)
                0x000000000011c2f4                __funlockfile
 .text.__libc_lock_acquire
                0x000000000011c2fc       0x18 /opt/devkitpro/devkitARM/lib/gcc/arm-none-eabi/8.3.0/../../../../arm-none-eabi/lib/armv6k/fpu/libsysbase.a(syscall_support.o)
                0x000000000011c2fc                __libc_lock_acquire
 .text.__libc_lock_release
                0x000000000011c314       0x18 /opt/devkitpro/devkitARM/lib/gcc/arm-none-eabi/8.3.0/../../../../arm-none-eabi/lib/armv6k/fpu/libsysbase.a(syscall_support.o)
                0x000000000011c314                __libc_lock_release
 .text.__libc_lock_init_recursive
                0x000000000011c32c       0x18 /opt/devkitpro/devkitARM/lib/gcc/arm-none-eabi/8.3.0/../../../../arm-none-eabi/lib/armv6k/fpu/libsysbase.a(syscall_support.o)
                0x000000000011c32c                __libc_lock_init_recursive
 .text.__libc_lock_acquire_recursive
                0x000000000011c344       0x18 /opt/devkitpro/devkitARM/lib/gcc/arm-none-eabi/8.3.0/../../../../arm-none-eabi/lib/armv6k/fpu/libsysbase.a(syscall_support.o)
                0x000000000011c344                __libc_lock_acquire_recursive
 .text.__libc_lock_release_recursive
                0x000000000011c35c       0x18 /opt/devkitpro/devkitARM/lib/gcc/arm-none-eabi/8.3.0/../../../../arm-none-eabi/lib/armv6k/fpu/libsysbase.a(syscall_support.o)
                0x000000000011c35c                __libc_lock_release_recursive
 .text.__libc_lock_close_recursive
                0x000000000011c374       0x18 /opt/devkitpro/devkitARM/lib/gcc/arm-none-eabi/8.3.0/../../../../arm-none-eabi/lib/armv6k/fpu/libsysbase.a(syscall_support.o)
                0x000000000011c374                __libc_lock_close_recursive
 .text.__release_handle
                0x000000000011c38c       0x8c /opt/devkitpro/devkitARM/lib/gcc/arm-none-eabi/8.3.0/../../../../arm-none-eabi/lib/armv6k/fpu/libsysbase.a(handle_manager.o)
                0x000000000011c38c                __release_handle
 .text.__get_handle
                0x000000000011c418       0x18 /opt/devkitpro/devkitARM/lib/gcc/arm-none-eabi/8.3.0/../../../../arm-none-eabi/lib/armv6k/fpu/libsysbase.a(handle_manager.o)
                0x000000000011c418                __get_handle
 .text.__getreent
                0x000000000011c430       0x28 /opt/devkitpro/devkitARM/lib/gcc/arm-none-eabi/8.3.0/../../../../arm-none-eabi/lib/armv6k/fpu/libsysbase.a(getreent.o)
                0x000000000011c430                __getreent
 .text.strrchr  0x000000000011c458       0x44 /opt/devkitpro/devkitARM/lib/gcc/arm-none-eabi/8.3.0/../../../../arm-none-eabi/lib/armv6k/fpu/libg.a(lib_a-strrchr.o)
                0x000000000011c458                strrchr
 *(.glue_7)
 .glue_7        0x000000000011c49c        0x0 linker stubs
 *(.glue_7t)
 .glue_7t       0x000000000011c49c        0x0 linker stubs
 *(.stub)
 *(.gnu.warning)
 *(.gnu.linkonce.t*)
                0x000000000011c49c                . = ALIGN (0x4)
 *(.fini)
 .fini          0x000000000011c49c        0xc /opt/devkitpro/devkitARM/lib/gcc/arm-none-eabi/8.3.0/armv6k/fpu/crti.o
                0x000000000011c49c                _fini
 .fini          0x000000000011c4a8        0xc /opt/devkitpro/devkitARM/lib/gcc/arm-none-eabi/8.3.0/armv6k/fpu/crtn.o
                0x000000000011c4b4                . = ALIGN (0x4)

.vfp11_veneer   0x000000000011c4b4        0x0
 .vfp11_veneer  0x000000000011c4b4        0x0 linker stubs

.v4_bx          0x000000000011c4b4        0x0
 .v4_bx         0x000000000011c4b4        0x0 linker stubs

.iplt           0x000000000011c4b4        0x0
 .iplt          0x000000000011c4b4        0x0 /opt/devkitpro/devkitARM/lib/gcc/arm-none-eabi/8.3.0/../../../../arm-none-eabi/lib/armv6k/fpu/3dsx_crt0.o
                0x000000000011d000                . = ALIGN (0x1000)

.rodata         0x000000000011d000     0x78b8
 *(.rodata)
 .rodata        0x000000000011d000      0x804 /opt/devkitpro/libctru/lib/libctru.a(default_font.bin.o)
                0x000000000011d000                default_font_bin
                0x000000000011d800                default_font_bin_end
                0x000000000011d800                default_font_bin_size
 .rodata        0x000000000011d804        0xc /opt/devkitpro/libctru/lib/libctru.a(sdmc_dev.o)
 *(.roda)
 *(.rodata.*)
 .rodata.str1.4
                0x000000000011d810      0x29b main.o
 *fill*         0x000000000011daab        0x1 
 .rodata.colorTable
                0x000000000011daac       0x30 /opt/devkitpro/libctru/lib/libctru.a(console.o)
 .rodata.con_write.str1.4
                0x000000000011dadc       0x52 /opt/devkitpro/libctru/lib/libctru.a(console.o)
 *fill*         0x000000000011db2e        0x2 
 .rodata.dotab_stdout
                0x000000000011db30       0x70 /opt/devkitpro/libctru/lib/libctru.a(console.o)
 .rodata.str1.4
                0x000000000011dba0       0x10 /opt/devkitpro/libctru/lib/libctru.a(console.o)
 .rodata.CSWTCH.56
                0x000000000011dbb0       0x14 /opt/devkitpro/libctru/lib/libctru.a(gfx.o)
 .rodata.framebufferInfoSt
                0x000000000011dbc4        0x8 /opt/devkitpro/libctru/lib/libctru.a(gfx.o)
 .rodata.gspInit.str1.4
                0x000000000011dbcc        0x9 /opt/devkitpro/libctru/lib/libctru.a(gspgpu.o)
 *fill*         0x000000000011dbd5        0x3 
 .rodata.aptSendCommand.str1.4
                0x000000000011dbd8       0x16 /opt/devkitpro/libctru/lib/libctru.a(apt.o)
 *fill*         0x000000000011dbee        0x2 
 .rodata.hidInit.str1.4
                0x000000000011dbf0       0x15 /opt/devkitpro/libctru/lib/libctru.a(hid.o)
 *fill*         0x000000000011dc05        0x3 
 .rodata.srvInit.str1.4
                0x000000000011dc08        0x5 /opt/devkitpro/libctru/lib/libctru.a(srv.o)
 *fill*         0x000000000011dc0d        0x3 
 .rodata.irrstInit.str1.4
                0x000000000011dc10        0x7 /opt/devkitpro/libctru/lib/libctru.a(irrst.o)
 *fill*         0x000000000011dc17        0x1 
 .rodata.ptmSysmInit.str1.4
                0x000000000011dc18        0x9 /opt/devkitpro/libctru/lib/libctru.a(ptmsysm.o)
 *fill*         0x000000000011dc21        0x3 
 .rodata.error_table
                0x000000000011dc24       0x30 /opt/devkitpro/libctru/lib/libctru.a(sdmc_dev.o)
 .rodata.sdmcExit.str1.4
                0x000000000011dc54        0x6 /opt/devkitpro/libctru/lib/libctru.a(sdmc_dev.o)
 *fill*         0x000000000011dc5a        0x2 
 .rodata.str1.4
                0x000000000011dc5c        0x5 /opt/devkitpro/libctru/lib/libctru.a(sdmc_dev.o)
                                          0x9 (size before relaxing)
 *fill*         0x000000000011dc61        0x3 
 .rodata.fsInit.str1.4
                0x000000000011dc64        0x8 /opt/devkitpro/libctru/lib/libctru.a(fs.o)
 .rodata.__ssvfscanf_r.str1.1
                0x000000000011dc6c        0x5 /opt/devkitpro/devkitARM/lib/gcc/arm-none-eabi/8.3.0/../../../../arm-none-eabi/lib/armv6k/fpu/libg.a(lib_a-svfscanf.o)
                                          0x6 (size before relaxing)
 *fill*         0x000000000011dc71        0x3 
 .rodata.basefix.8784
                0x000000000011dc74       0x22 /opt/devkitpro/devkitARM/lib/gcc/arm-none-eabi/8.3.0/../../../../arm-none-eabi/lib/armv6k/fpu/libg.a(lib_a-svfscanf.o)
 .rodata._vfprintf_r.str1.1
                0x000000000011dc96       0x3b /opt/devkitpro/devkitARM/lib/gcc/arm-none-eabi/8.3.0/../../../../arm-none-eabi/lib/armv6k/fpu/libg.a(lib_a-vfprintf.o)
 *fill*         0x000000000011dcd1        0x3 
 .rodata.blanks.8755
                0x000000000011dcd4       0x10 /opt/devkitpro/devkitARM/lib/gcc/arm-none-eabi/8.3.0/../../../../arm-none-eabi/lib/armv6k/fpu/libg.a(lib_a-vfprintf.o)
 .rodata.zeroes.8756
                0x000000000011dce4       0x10 /opt/devkitpro/devkitARM/lib/gcc/arm-none-eabi/8.3.0/../../../../arm-none-eabi/lib/armv6k/fpu/libg.a(lib_a-vfprintf.o)
 .rodata._ctype_
                0x000000000011dcf4      0x101 /opt/devkitpro/devkitARM/lib/gcc/arm-none-eabi/8.3.0/../../../../arm-none-eabi/lib/armv6k/fpu/libg.a(lib_a-ctype_.o)
                0x000000000011dcf4                _ctype_
 *fill*         0x000000000011ddf5        0x3 
 .rodata._dtoa_r.str1.4
                0x000000000011ddf8       0x12 /opt/devkitpro/devkitARM/lib/gcc/arm-none-eabi/8.3.0/../../../../arm-none-eabi/lib/armv6k/fpu/libg.a(lib_a-dtoa.o)
 *fill*         0x000000000011de0a        0x2 
 .rodata.str1.4
                0x000000000011de0c       0x48 /opt/devkitpro/devkitARM/lib/gcc/arm-none-eabi/8.3.0/../../../../arm-none-eabi/lib/armv6k/fpu/libg.a(lib_a-locale.o)
                                         0x4c (size before relaxing)
 .rodata._mbrtowc_r.str1.4
                0x000000000011de54        0x1 /opt/devkitpro/devkitARM/lib/gcc/arm-none-eabi/8.3.0/../../../../arm-none-eabi/lib/armv6k/fpu/libg.a(lib_a-mbrtowc.o)
 *fill*         0x000000000011de54        0x4 
 .rodata.__mprec_bigtens
                0x000000000011de58       0x28 /opt/devkitpro/devkitARM/lib/gcc/arm-none-eabi/8.3.0/../../../../arm-none-eabi/lib/armv6k/fpu/libg.a(lib_a-mprec.o)
                0x000000000011de58                __mprec_bigtens
 .rodata.__mprec_tens
                0x000000000011de80       0xc8 /opt/devkitpro/devkitARM/lib/gcc/arm-none-eabi/8.3.0/../../../../arm-none-eabi/lib/armv6k/fpu/libg.a(lib_a-mprec.o)
                0x000000000011de80                __mprec_tens
 .rodata.p05.7474
                0x000000000011df48        0xc /opt/devkitpro/devkitARM/lib/gcc/arm-none-eabi/8.3.0/../../../../arm-none-eabi/lib/armv6k/fpu/libg.a(lib_a-mprec.o)
 .rodata._strtod_l.str1.4
                0x000000000011df54        0xf /opt/devkitpro/devkitARM/lib/gcc/arm-none-eabi/8.3.0/../../../../arm-none-eabi/lib/armv6k/fpu/libg.a(lib_a-strtod.o)
                                         0x11 (size before relaxing)
 *fill*         0x000000000011df63        0x1 
 .rodata.fpi.7554
                0x000000000011df64       0x14 /opt/devkitpro/devkitARM/lib/gcc/arm-none-eabi/8.3.0/../../../../arm-none-eabi/lib/armv6k/fpu/libg.a(lib_a-strtod.o)
 .rodata.fpinan.7590
                0x000000000011df78       0x14 /opt/devkitpro/devkitARM/lib/gcc/arm-none-eabi/8.3.0/../../../../arm-none-eabi/lib/armv6k/fpu/libg.a(lib_a-strtod.o)
 *fill*         0x000000000011df8c        0x4 
 .rodata.tinytens
                0x000000000011df90       0x28 /opt/devkitpro/devkitARM/lib/gcc/arm-none-eabi/8.3.0/../../../../arm-none-eabi/lib/armv6k/fpu/libg.a(lib_a-strtod.o)
 .rodata.__action_table
                0x000000000011dfb8       0x6c /opt/devkitpro/devkitARM/lib/gcc/arm-none-eabi/8.3.0/../../../../arm-none-eabi/lib/armv6k/fpu/libg.a(lib_a-svfiprintf.o)
                0x000000000011dfb8                __action_table
 .rodata.__chclass
                0x000000000011e024      0x100 /opt/devkitpro/devkitARM/lib/gcc/arm-none-eabi/8.3.0/../../../../arm-none-eabi/lib/armv6k/fpu/libg.a(lib_a-svfiprintf.o)
                0x000000000011e024                __chclass
 .rodata.__state_table
                0x000000000011e124       0x6c /opt/devkitpro/devkitARM/lib/gcc/arm-none-eabi/8.3.0/../../../../arm-none-eabi/lib/armv6k/fpu/libg.a(lib_a-svfiprintf.o)
                0x000000000011e124                __state_table
 .rodata._svfprintf_r.str1.1
                0x000000000011e190       0x3b /opt/devkitpro/devkitARM/lib/gcc/arm-none-eabi/8.3.0/../../../../arm-none-eabi/lib/armv6k/fpu/libg.a(lib_a-svfprintf.o)
 .rodata.blanks.8740
                0x000000000011e190       0x10 /opt/devkitpro/devkitARM/lib/gcc/arm-none-eabi/8.3.0/../../../../arm-none-eabi/lib/armv6k/fpu/libg.a(lib_a-svfprintf.o)
 .rodata.zeroes.8741
                0x000000000011e1a0       0x10 /opt/devkitpro/devkitARM/lib/gcc/arm-none-eabi/8.3.0/../../../../arm-none-eabi/lib/armv6k/fpu/libg.a(lib_a-svfprintf.o)
 .rodata.__hexdig
                0x000000000011e1b0      0x100 /opt/devkitpro/devkitARM/lib/gcc/arm-none-eabi/8.3.0/../../../../arm-none-eabi/lib/armv6k/fpu/libg.a(lib_a-gdtoa-gethex.o)
                0x000000000011e1b0                __hexdig
 .rodata._jp2uc_l.str1.4
                0x000000000011e2b0       0x12 /opt/devkitpro/devkitARM/lib/gcc/arm-none-eabi/8.3.0/../../../../arm-none-eabi/lib/armv6k/fpu/libg.a(lib_a-jp2uc.o)
 *fill*         0x000000000011e2c2        0x2 
 .rodata.a1     0x000000000011e2c4       0xbc /opt/devkitpro/devkitARM/lib/gcc/arm-none-eabi/8.3.0/../../../../arm-none-eabi/lib/armv6k/fpu/libg.a(lib_a-jp2uc.o)
 .rodata.a2     0x000000000011e380       0xbc /opt/devkitpro/devkitARM/lib/gcc/arm-none-eabi/8.3.0/../../../../arm-none-eabi/lib/armv6k/fpu/libg.a(lib_a-jp2uc.o)
 .rodata.a3     0x000000000011e43c       0x5b /opt/devkitpro/devkitARM/lib/gcc/arm-none-eabi/8.3.0/../../../../arm-none-eabi/lib/armv6k/fpu/libg.a(lib_a-jp2uc.o)
 *fill*         0x000000000011e497        0x1 
 .rodata.a6     0x000000000011e498       0x70 /opt/devkitpro/devkitARM/lib/gcc/arm-none-eabi/8.3.0/../../../../arm-none-eabi/lib/armv6k/fpu/libg.a(lib_a-jp2uc.o)
 .rodata.a7     0x000000000011e508       0xa2 /opt/devkitpro/devkitARM/lib/gcc/arm-none-eabi/8.3.0/../../../../arm-none-eabi/lib/armv6k/fpu/libg.a(lib_a-jp2uc.o)
 *fill*         0x000000000011e5aa        0x2 
 .rodata.a8     0x000000000011e5ac       0x40 /opt/devkitpro/devkitARM/lib/gcc/arm-none-eabi/8.3.0/../../../../arm-none-eabi/lib/armv6k/fpu/libg.a(lib_a-jp2uc.o)
 .rodata.b02cf  0x000000000011e5ec     0x172a /opt/devkitpro/devkitARM/lib/gcc/arm-none-eabi/8.3.0/../../../../arm-none-eabi/lib/armv6k/fpu/libg.a(lib_a-jp2uc.o)
 *fill*         0x000000000011fd16        0x2 
 .rodata.d02f4  0x000000000011fd18     0x1a7c /opt/devkitpro/devkitARM/lib/gcc/arm-none-eabi/8.3.0/../../../../arm-none-eabi/lib/armv6k/fpu/libg.a(lib_a-jp2uc.o)
 .rodata._C_numeric_locale
                0x0000000000121794        0xc /opt/devkitpro/devkitARM/lib/gcc/arm-none-eabi/8.3.0/../../../../arm-none-eabi/lib/armv6k/fpu/libg.a(lib_a-lnumeric.o)
                0x0000000000121794                _C_numeric_locale
 .rodata.str1.4
                0x00000000001217a0        0x5 /opt/devkitpro/devkitARM/lib/gcc/arm-none-eabi/8.3.0/../../../../arm-none-eabi/lib/armv6k/fpu/libg.a(lib_a-lnumeric.o)
 .rodata.categories
                0x00000000001217a0     0x309c /opt/devkitpro/devkitARM/lib/gcc/arm-none-eabi/8.3.0/../../../../arm-none-eabi/lib/armv6k/fpu/libg.a(lib_a-categories.o)
 .rodata.AddDevice.str1.4
                0x000000000012483c        0x8 /opt/devkitpro/devkitARM/lib/gcc/arm-none-eabi/8.3.0/../../../../arm-none-eabi/lib/armv6k/fpu/libsysbase.a(iosupport.o)
 .rodata.dotab_stdnull
                0x0000000000124844       0x70 /opt/devkitpro/devkitARM/lib/gcc/arm-none-eabi/8.3.0/../../../../arm-none-eabi/lib/armv6k/fpu/libsysbase.a(iosupport.o)
                0x0000000000124844                dotab_stdnull
 .rodata.DIRECTORY_PARENT
                0x00000000001248b4        0x3 /opt/devkitpro/devkitARM/lib/gcc/arm-none-eabi/8.3.0/../../../../arm-none-eabi/lib/armv6k/fpu/libsysbase.a(chdir.o)
                0x00000000001248b4                DIRECTORY_PARENT
 *all.rodata*(*)
 *(.gnu.linkonce.r*)
                0x00000000001248b8                . = ALIGN (0x4)
 *fill*         0x00000000001248b7        0x1 

.eh_frame       0x00000000001248b8        0x0
 .eh_frame      0x00000000001248b8        0x0 /opt/devkitpro/devkitARM/lib/gcc/arm-none-eabi/8.3.0/armv6k/fpu/crtbegin.o

.rel.dyn        0x00000000001248b8        0x0
 .rel.iplt      0x00000000001248b8        0x0 /opt/devkitpro/devkitARM/lib/gcc/arm-none-eabi/8.3.0/../../../../arm-none-eabi/lib/armv6k/fpu/3dsx_crt0.o

.ARM.extab
 *(.ARM.extab* .gnu.linkonce.armextab.*)
                0x00000000001248b8                __exidx_start = .

ARM.exidx
 *(.ARM.exidx* .gnu.linkonce.armexidx.*)
                0x00000000001248b8                __exidx_end = .
                0x0000000000125000                . = ALIGN (0x1000)

.data           0x0000000000125000     0x23a4
 *(.data)
 .data          0x0000000000125000        0x4 /opt/devkitpro/libctru/lib/libctru.a(stack_adjust.o)
                0x0000000000125000                __stacksize__
 *(.data.*)
 .data.currentConsole
                0x0000000000125004        0x4 /opt/devkitpro/libctru/lib/libctru.a(console.o)
                0x0000000000125004                currentConsole
 .data.defaultConsole
                0x0000000000125008       0x4c /opt/devkitpro/libctru/lib/libctru.a(console.o)
                0x0000000000125008                defaultConsole
 .data.firstConsoleInit.8423
                0x0000000000125054        0x1 /opt/devkitpro/libctru/lib/libctru.a(console.o)
 .data.botFormat
                0x0000000000125055        0x1 /opt/devkitpro/libctru/lib/libctru.a(gfx.o)
 *fill*         0x0000000000125056        0x2 
 .data.doubleBuf
                0x0000000000125058        0x8 /opt/devkitpro/libctru/lib/libctru.a(gfx.o)
 .data.topFormat
                0x0000000000125060        0x1 /opt/devkitpro/libctru/lib/libctru.a(gfx.o)
 *fill*         0x0000000000125061        0x3 
 .data.gspLastEvent
                0x0000000000125064        0x4 /opt/devkitpro/libctru/lib/libctru.a(gspgpu.o)
 .data.aptFlags
                0x0000000000125068        0x4 /opt/devkitpro/libctru/lib/libctru.a(apt.o)
 .data.__ctru_linear_heap_size
                0x000000000012506c        0x4 /opt/devkitpro/libctru/lib/libctru.a(allocateHeaps.o)
                0x000000000012506c                __ctru_linear_heap_size
 .data.__cwd    0x0000000000125070      0x401 /opt/devkitpro/libctru/lib/libctru.a(sdmc_dev.o)
 *fill*         0x0000000000125471        0x3 
 .data.sdmc_devoptab
                0x0000000000125474       0x70 /opt/devkitpro/libctru/lib/libctru.a(sdmc_dev.o)
 .data._impure_ptr
                0x00000000001254e4        0x4 /opt/devkitpro/devkitARM/lib/gcc/arm-none-eabi/8.3.0/../../../../arm-none-eabi/lib/armv6k/fpu/libg.a(lib_a-impure.o)
                0x00000000001254e4                _impure_ptr
 .data.impure_data
                0x00000000001254e8      0x460 /opt/devkitpro/devkitARM/lib/gcc/arm-none-eabi/8.3.0/../../../../arm-none-eabi/lib/armv6k/fpu/libg.a(lib_a-impure.o)
 .data.__malloc_av_
                0x0000000000125948      0x408 /opt/devkitpro/devkitARM/lib/gcc/arm-none-eabi/8.3.0/../../../../arm-none-eabi/lib/armv6k/fpu/libg.a(lib_a-mallocr.o)
                0x0000000000125948                __malloc_av_
 .data.__malloc_sbrk_base
                0x0000000000125d50        0x4 /opt/devkitpro/devkitARM/lib/gcc/arm-none-eabi/8.3.0/../../../../arm-none-eabi/lib/armv6k/fpu/libg.a(lib_a-mallocr.o)
                0x0000000000125d50                __malloc_sbrk_base
 .data.__malloc_trim_threshold
                0x0000000000125d54        0x4 /opt/devkitpro/devkitARM/lib/gcc/arm-none-eabi/8.3.0/../../../../arm-none-eabi/lib/armv6k/fpu/libg.a(lib_a-mallocr.o)
                0x0000000000125d54                __malloc_trim_threshold
 .data.__malloc_recursive_mutex
                0x0000000000125d58        0xc /opt/devkitpro/devkitARM/lib/gcc/arm-none-eabi/8.3.0/../../../../arm-none-eabi/lib/armv6k/fpu/libg.a(lib_a-mlock.o)
 .data.__sfp_recursive_mutex
                0x0000000000125d64        0xc /opt/devkitpro/devkitARM/lib/gcc/arm-none-eabi/8.3.0/../../../../arm-none-eabi/lib/armv6k/fpu/libg.a(lib_a-findfp.o)
 .data.__sinit_recursive_mutex
                0x0000000000125d70        0xc /opt/devkitpro/devkitARM/lib/gcc/arm-none-eabi/8.3.0/../../../../arm-none-eabi/lib/armv6k/fpu/libg.a(lib_a-findfp.o)
 .data.__global_locale
                0x0000000000125d7c      0x16c /opt/devkitpro/devkitARM/lib/gcc/arm-none-eabi/8.3.0/../../../../arm-none-eabi/lib/armv6k/fpu/libg.a(lib_a-locale.o)
                0x0000000000125d7c                __global_locale
 .data.numempty
                0x0000000000125ee8        0x2 /opt/devkitpro/devkitARM/lib/gcc/arm-none-eabi/8.3.0/../../../../arm-none-eabi/lib/armv6k/fpu/libg.a(lib_a-lnumeric.o)
 *fill*         0x0000000000125eea        0x2 
 .data.defaultDevice
                0x0000000000125eec        0x4 /opt/devkitpro/devkitARM/lib/gcc/arm-none-eabi/8.3.0/../../../../arm-none-eabi/lib/armv6k/fpu/libsysbase.a(iosupport.o)
 .data.devoptab_list
                0x0000000000125ef0       0x8c /opt/devkitpro/devkitARM/lib/gcc/arm-none-eabi/8.3.0/../../../../arm-none-eabi/lib/armv6k/fpu/libsysbase.a(iosupport.o)
                0x0000000000125ef0                devoptab_list
 .data._current_working_directory
                0x0000000000125f7c      0x400 /opt/devkitpro/devkitARM/lib/gcc/arm-none-eabi/8.3.0/../../../../arm-none-eabi/lib/armv6k/fpu/libsysbase.a(chdir.o)
 .data.__hndl_lock
                0x000000000012637c        0x4 /opt/devkitpro/devkitARM/lib/gcc/arm-none-eabi/8.3.0/../../../../arm-none-eabi/lib/armv6k/fpu/libsysbase.a(handle_manager.o)
 .data.__stderr_handle
                0x0000000000126380        0xc /opt/devkitpro/devkitARM/lib/gcc/arm-none-eabi/8.3.0/../../../../arm-none-eabi/lib/armv6k/fpu/libsysbase.a(handle_manager.o)
 .data.__stdin_handle
                0x000000000012638c        0xc /opt/devkitpro/devkitARM/lib/gcc/arm-none-eabi/8.3.0/../../../../arm-none-eabi/lib/armv6k/fpu/libsysbase.a(handle_manager.o)
 .data.__stdout_handle
                0x0000000000126398        0xc /opt/devkitpro/devkitARM/lib/gcc/arm-none-eabi/8.3.0/../../../../arm-none-eabi/lib/armv6k/fpu/libsysbase.a(handle_manager.o)
 .data.handles  0x00000000001263a4     0x1000 /opt/devkitpro/devkitARM/lib/gcc/arm-none-eabi/8.3.0/../../../../arm-none-eabi/lib/armv6k/fpu/libsysbase.a(handle_manager.o)
 *(.gnu.linkonce.d*)
                0x00000000001273a4                . = ALIGN (0x4)

.igot.plt       0x00000000001273a4        0x0
 .igot.plt      0x00000000001273a4        0x0 /opt/devkitpro/devkitARM/lib/gcc/arm-none-eabi/8.3.0/../../../../arm-none-eabi/lib/armv6k/fpu/3dsx_crt0.o

.tm_clone_table
                0x00000000001273a4        0x0
 .tm_clone_table
                0x00000000001273a4        0x0 /opt/devkitpro/devkitARM/lib/gcc/arm-none-eabi/8.3.0/armv6k/fpu/crtbegin.o
 .tm_clone_table
                0x00000000001273a4        0x0 /opt/devkitpro/devkitARM/lib/gcc/arm-none-eabi/8.3.0/armv6k/fpu/crtend.o
                0x00000000001273a4                __TMC_END__

.tdata          0x00000000001273a4        0x0
                0x00000000001273a4                __tdata_lma = .
 *(.tdata)
 *(.tdata.*)
 *(.gnu.linkonce.td.*)
                0x00000000001273a4                . = ALIGN (0x4)
                0x00000000001273a4                __tdata_lma_end = .

.tbss           0x00000000001273a4     0x140c
 *(.tbss)
 *(.tbss.*)
 .tbss.__fixedpath
                0x00000000001273a4      0x401 /opt/devkitpro/libctru/lib/libctru.a(sdmc_dev.o)
 *fill*         0x00000000001277a5        0x3 
 .tbss.__utf16path
                0x00000000001277a8      0x802 /opt/devkitpro/libctru/lib/libctru.a(sdmc_dev.o)
 *fill*         0x0000000000127faa        0x2 
 .tbss.__utf16path_old.8577